Archive member included to satisfy reference by file (symbol)

c:/program files (x86)/atmel/studio/7.0/toolchain/arm/arm-gnu-toolchain/bin/../lib/gcc/arm-none-eabi/5.3.1/../../../../arm-none-eabi/lib/armv7-m\libc.a(lib_a-exit.o)
                              c:/program files (x86)/atmel/studio/7.0/toolchain/arm/arm-gnu-toolchain/bin/../lib/gcc/arm-none-eabi/5.3.1/../../../../arm-none-eabi/lib/armv7-m/crt0.o (exit)
c:/program files (x86)/atmel/studio/7.0/toolchain/arm/arm-gnu-toolchain/bin/../lib/gcc/arm-none-eabi/5.3.1/../../../../arm-none-eabi/lib/armv7-m\libc.a(lib_a-impure.o)
                              c:/program files (x86)/atmel/studio/7.0/toolchain/arm/arm-gnu-toolchain/bin/../lib/gcc/arm-none-eabi/5.3.1/../../../../arm-none-eabi/lib/armv7-m\libc.a(lib_a-exit.o) (_global_impure_ptr)
c:/program files (x86)/atmel/studio/7.0/toolchain/arm/arm-gnu-toolchain/bin/../lib/gcc/arm-none-eabi/5.3.1/../../../../arm-none-eabi/lib/armv7-m\libc.a(lib_a-init.o)
                              c:/program files (x86)/atmel/studio/7.0/toolchain/arm/arm-gnu-toolchain/bin/../lib/gcc/arm-none-eabi/5.3.1/../../../../arm-none-eabi/lib/armv7-m/crt0.o (__libc_init_array)
c:/program files (x86)/atmel/studio/7.0/toolchain/arm/arm-gnu-toolchain/bin/../lib/gcc/arm-none-eabi/5.3.1/../../../../arm-none-eabi/lib/armv7-m\libc.a(lib_a-iprintf.o)
                              src/ASF/sam/utils/syscalls/gcc/syscalls.o (iprintf)
c:/program files (x86)/atmel/studio/7.0/toolchain/arm/arm-gnu-toolchain/bin/../lib/gcc/arm-none-eabi/5.3.1/../../../../arm-none-eabi/lib/armv7-m\libc.a(lib_a-memset.o)
                              c:/program files (x86)/atmel/studio/7.0/toolchain/arm/arm-gnu-toolchain/bin/../lib/gcc/arm-none-eabi/5.3.1/../../../../arm-none-eabi/lib/armv7-m/crt0.o (memset)
c:/program files (x86)/atmel/studio/7.0/toolchain/arm/arm-gnu-toolchain/bin/../lib/gcc/arm-none-eabi/5.3.1/../../../../arm-none-eabi/lib/armv7-m\libc.a(lib_a-puts.o)
                              src/PLATFORM/DRIVER/DD_CAN/DD_CAN.o (puts)
c:/program files (x86)/atmel/studio/7.0/toolchain/arm/arm-gnu-toolchain/bin/../lib/gcc/arm-none-eabi/5.3.1/../../../../arm-none-eabi/lib/armv7-m\libc.a(lib_a-setbuf.o)
                              src/PLATFORM/DRIVER/DD_CONSOLE/DD_COSOLE.o (setbuf)
c:/program files (x86)/atmel/studio/7.0/toolchain/arm/arm-gnu-toolchain/bin/../lib/gcc/arm-none-eabi/5.3.1/../../../../arm-none-eabi/lib/armv7-m\libc.a(lib_a-setvbuf.o)
                              c:/program files (x86)/atmel/studio/7.0/toolchain/arm/arm-gnu-toolchain/bin/../lib/gcc/arm-none-eabi/5.3.1/../../../../arm-none-eabi/lib/armv7-m\libc.a(lib_a-setbuf.o) (setvbuf)
c:/program files (x86)/atmel/studio/7.0/toolchain/arm/arm-gnu-toolchain/bin/../lib/gcc/arm-none-eabi/5.3.1/../../../../arm-none-eabi/lib/armv7-m\libc.a(lib_a-strlen-stub.o)
                              c:/program files (x86)/atmel/studio/7.0/toolchain/arm/arm-gnu-toolchain/bin/../lib/gcc/arm-none-eabi/5.3.1/../../../../arm-none-eabi/lib/armv7-m\libc.a(lib_a-puts.o) (strlen)
c:/program files (x86)/atmel/studio/7.0/toolchain/arm/arm-gnu-toolchain/bin/../lib/gcc/arm-none-eabi/5.3.1/../../../../arm-none-eabi/lib/armv7-m\libc.a(lib_a-vfiprintf.o)
                              c:/program files (x86)/atmel/studio/7.0/toolchain/arm/arm-gnu-toolchain/bin/../lib/gcc/arm-none-eabi/5.3.1/../../../../arm-none-eabi/lib/armv7-m\libc.a(lib_a-iprintf.o) (_vfiprintf_r)
c:/program files (x86)/atmel/studio/7.0/toolchain/arm/arm-gnu-toolchain/bin/../lib/gcc/arm-none-eabi/5.3.1/../../../../arm-none-eabi/lib/armv7-m\libc.a(lib_a-wsetup.o)
                              c:/program files (x86)/atmel/studio/7.0/toolchain/arm/arm-gnu-toolchain/bin/../lib/gcc/arm-none-eabi/5.3.1/../../../../arm-none-eabi/lib/armv7-m\libc.a(lib_a-vfiprintf.o) (__swsetup_r)
c:/program files (x86)/atmel/studio/7.0/toolchain/arm/arm-gnu-toolchain/bin/../lib/gcc/arm-none-eabi/5.3.1/../../../../arm-none-eabi/lib/armv7-m\libc.a(lib_a-__call_atexit.o)
                              c:/program files (x86)/atmel/studio/7.0/toolchain/arm/arm-gnu-toolchain/bin/../lib/gcc/arm-none-eabi/5.3.1/../../../../arm-none-eabi/lib/armv7-m\libc.a(lib_a-exit.o) (__call_exitprocs)
c:/program files (x86)/atmel/studio/7.0/toolchain/arm/arm-gnu-toolchain/bin/../lib/gcc/arm-none-eabi/5.3.1/../../../../arm-none-eabi/lib/armv7-m\libc.a(lib_a-atexit.o)
                              c:/program files (x86)/atmel/studio/7.0/toolchain/arm/arm-gnu-toolchain/bin/../lib/gcc/arm-none-eabi/5.3.1/../../../../arm-none-eabi/lib/armv7-m\libc.a(lib_a-__call_atexit.o) (atexit)
c:/program files (x86)/atmel/studio/7.0/toolchain/arm/arm-gnu-toolchain/bin/../lib/gcc/arm-none-eabi/5.3.1/../../../../arm-none-eabi/lib/armv7-m\libc.a(lib_a-fflush.o)
                              c:/program files (x86)/atmel/studio/7.0/toolchain/arm/arm-gnu-toolchain/bin/../lib/gcc/arm-none-eabi/5.3.1/../../../../arm-none-eabi/lib/armv7-m\libc.a(lib_a-setvbuf.o) (_fflush_r)
[...]
Memory Configuration

Name             Origin             Length             Attributes
rom              0x00080000         0x00080000         xr
sram0            0x20000000         0x00010000         xrw
sram1            0x20080000         0x00008000         xrw
ram              0x20070000         0x00018000         xrw
*default*        0x00000000         0xffffffff

Linker script and memory map

LOAD c:/program files (x86)/atmel/studio/7.0/toolchain/arm/arm-gnu-toolchain/bin/../lib/gcc/arm-none-eabi/5.3.1/armv7-m/crti.o
LOAD c:/program files (x86)/atmel/studio/7.0/toolchain/arm/arm-gnu-toolchain/bin/../lib/gcc/arm-none-eabi/5.3.1/armv7-m/crtbegin.o
LOAD c:/program files (x86)/atmel/studio/7.0/toolchain/arm/arm-gnu-toolchain/bin/../lib/gcc/arm-none-eabi/5.3.1/../../../../arm-none-eabi/lib/armv7-m/crt0.o
LOAD src/ASF/common/utils/stdio/read.o
LOAD src/PLATFORM/DRIVER/DD_CAN/DD_CAN.o
LOAD src/PLATFORM/DRIVER/DD_CLOCK/DD_CLOCK.o
LOAD src/PLATFORM/DRIVER/DD_CS1_TS/DD_CS1_TS.o
LOAD src/PLATFORM/DRIVER/DD_CS2_TS/DD_CS2_TS.o
LOAD src/PLATFORM/DRIVER/DD_CS3_TS/DD_CS3_TS.o
LOAD src/PLATFORM/DRIVER/DD_GPIO/DD_GPIO.o
LOAD src/PLATFORM/DRIVER/DD_HANDLER/DD_HANDLER.o
LOAD src/PLATFORM/DRIVER/DD_INT/DD_INT.o
LOAD src/PLATFORM/DRIVER/DD_MAX_31865/DD_MAX31865.o
LOAD src/PLATFORM/DRIVER/DD_PS1/DD_PS1.o
LOAD src/PLATFORM/DRIVER/DD_PS2/DD_PS2.o
LOAD src/PLATFORM/DRIVER/DD_PS3/DD_PS3.o
LOAD src/PLATFORM/DRIVER/DD_PWM/DD_PWM.o
LOAD src/PLATFORM/DRIVER/DD_SPI/DD_SPI.o
LOAD src/PLATFORM/DRIVER/DD_SYS/DD_SYS.o
LOAD src/PLATFORM/DRIVER/DD_THERMOCOUPLE/DD_THERMOCOUPLE.o
LOAD src/PLATFORM/DRIVER/DD_TIMER/DD_TIMER.o
LOAD src/PLATFORM/DRIVER/DD_TS1/DD_TS1.o
LOAD src/PLATFORM/DRIVER/DD_TS2/DD_TS2.o
LOAD src/PLATFORM/DRIVER/DD_TS3/DD_TS3.o
LOAD src/PLATFORM/SERVICE/SV_STATUS/SV_STATUS.o
LOAD src/PLATFORM/SERVICE/SV_SYS/SV_SYS.o
LOAD src/ASF/common/utils/stdio/write.o
LOAD src/ASF/sam/drivers/usart/usart.o
LOAD src/ASF/common/services/serial/usart_serial.o
LOAD src/ASF/sam/drivers/uart/uart.o
LOAD src/PLATFORM/DRIVER/DD_CONSOLE/DD_COSOLE.o
LOAD src/ASF/common/services/clock/sam3x/sysclk.o
LOAD src/ASF/common/utils/interrupt/interrupt_sam_nvic.o
LOAD src/ASF/sam/boards/arduino_due_x/init.o
LOAD src/ASF/sam/drivers/pio/pio.o
LOAD src/ASF/sam/drivers/pio/pio_handler.o
LOAD src/ASF/sam/drivers/pmc/pmc.o
LOAD src/ASF/sam/drivers/pmc/sleep.o
LOAD src/ASF/sam/utils/cmsis/sam3x/source/templates/exceptions.o
LOAD src/ASF/sam/utils/cmsis/sam3x/source/templates/gcc/startup_sam3x.o
LOAD src/ASF/sam/utils/cmsis/sam3x/source/templates/system_sam3x.o
LOAD src/ASF/sam/utils/syscalls/gcc/syscalls.o
LOAD src/SENSOR_CPU.o
START GROUP
LOAD ../src/ASF/thirdparty/CMSIS/Lib/GCC\libarm_cortexM3l_math.a
LOAD c:/program files (x86)/atmel/studio/7.0/toolchain/arm/arm-gnu-toolchain/bin/../lib/gcc/arm-none-eabi/5.3.1/../../../../arm-none-eabi/lib/armv7-m\libm.a
END GROUP
START GROUP
LOAD c:/program files (x86)/atmel/studio/7.0/toolchain/arm/arm-gnu-toolchain/bin/../lib/gcc/arm-none-eabi/5.3.1/armv7-m\libgcc.a
LOAD c:/program files (x86)/atmel/studio/7.0/toolchain/arm/arm-gnu-toolchain/bin/../lib/gcc/arm-none-eabi/5.3.1/../../../../arm-none-eabi/lib/armv7-m\libc.a
END GROUP
LOAD c:/program files (x86)/atmel/studio/7.0/toolchain/arm/arm-gnu-toolchain/bin/../lib/gcc/arm-none-eabi/5.3.1/armv7-m/crtend.o
LOAD c:/program files (x86)/atmel/studio/7.0/toolchain/arm/arm-gnu-toolchain/bin/../lib/gcc/arm-none-eabi/5.3.1/armv7-m/crtn.o
                0x00002000                __stack_size__ = DEFINED (__stack_size__)?__stack_size__:0x2000
                0x20087ffc                __ram_end__ = ((ORIGIN (ram) + LENGTH (ram)) - 0x4)

.text           0x00080000     0x6580
                0x00080000                . = ALIGN (0x4)
                0x00080000                _sfixed = .
 *(.vectors .vectors.*)
 .vectors       0x00080000       0xf4 src/ASF/sam/utils/cmsis/sam3x/source/templates/gcc/startup_sam3x.o
                0x00080000                exception_table
 *(.text .text.* .gnu.linkonce.t.*)
 .text          0x000800f4       0x5c c:/program files (x86)/atmel/studio/7.0/toolchain/arm/arm-gnu-toolchain/bin/../lib/gcc/arm-none-eabi/5.3.1/armv7-m/crtbegin.o
 .text._read    0x00080150       0x54 src/ASF/common/utils/stdio/read.o
                0x00080150                _read
 .text.NVIC_EnableIRQ
                0x000801a4       0x30 src/PLATFORM/DRIVER/DD_CAN/DD_CAN.o
 .text.CAN0_Handler
                0x000801d4       0x60 src/PLATFORM/DRIVER/DD_CAN/DD_CAN.o
                0x000801d4                CAN0_Handler
 .text.dd_can_extract_mailbox_data
                0x00080234       0xcc src/PLATFORM/DRIVER/DD_CAN/DD_CAN.o
 .text.dd_can_mailbox_read
                0x00080300       0xd0 src/PLATFORM/DRIVER/DD_CAN/DD_CAN.o
 .text.dd_can_mailbox_write
                0x000803d0       0xbc src/PLATFORM/DRIVER/DD_CAN/DD_CAN.o
                0x000803d0                dd_can_mailbox_write
 .text.dd_can_global_send_transfer_cmd
                0x0008048c       0x2c src/PLATFORM/DRIVER/DD_CAN/DD_CAN.o
                0x0008048c                dd_can_global_send_transfer_cmd
 .text.dd_can_mailbox_conf
                0x000804b8       0xf0 src/PLATFORM/DRIVER/DD_CAN/DD_CAN.o
                0x000804b8                dd_can_mailbox_conf
 .text.SENSOR_DD_INIT_CAN
                0x000805a8      0x18c src/PLATFORM/DRIVER/DD_CAN/DD_CAN.o
                0x000805a8                SENSOR_DD_INIT_CAN
 .text.SENSOR_D_INIT_CLOCK
                0x00080734       0x6c src/PLATFORM/DRIVER/DD_CLOCK/DD_CLOCK.o
                0x00080734                SENSOR_D_INIT_CLOCK
 .text.dd_pmc_enable_periph_clk
                0x000807a0       0x80 src/PLATFORM/DRIVER/DD_CLOCK/DD_CLOCK.o
                0x000807a0                dd_pmc_enable_periph_clk
 .text.DD_CS1_TS_INIT
                0x00080820       0x74 src/PLATFORM/DRIVER/DD_CS1_TS/DD_CS1_TS.o
                0x00080820                DD_CS1_TS_INIT
 .text.DD_CS2_TS_INIT
                0x00080894       0x74 src/PLATFORM/DRIVER/DD_CS2_TS/DD_CS2_TS.o
                0x00080894                DD_CS2_TS_INIT
 .text.DD_CS3_TS_INIT
                0x00080908       0x74 src/PLATFORM/DRIVER/DD_CS3_TS/DD_CS3_TS.o
                0x00080908                DD_CS3_TS_INIT
 .text.SENSOR_D_INIT_PIO
                0x0008097c       0x74 src/PLATFORM/DRIVER/DD_GPIO/DD_GPIO.o
                0x0008097c                SENSOR_D_INIT_PIO
 .text.dd_PRESSURE_SENSOR_GPIO_PINS
                0x000809f0      0x124 src/PLATFORM/DRIVER/DD_GPIO/DD_GPIO.o
                0x000809f0                dd_PRESSURE_SENSOR_GPIO_PINS
 .text.dd_TEMP_SENSOR_PINS_INIT
                0x00080b14      0x138 src/PLATFORM/DRIVER/DD_GPIO/DD_GPIO.o
                0x00080b14                dd_TEMP_SENSOR_PINS_INIT
 .text.dd_SPI_pins_INIT
                0x00080c4c      0x2d8 src/PLATFORM/DRIVER/DD_GPIO/DD_GPIO.o
                0x00080c4c                dd_SPI_pins_INIT
 .text.dd_CAN_pins_INIT
                0x00080f24       0xa8 src/PLATFORM/DRIVER/DD_GPIO/DD_GPIO.o
                0x00080f24                dd_CAN_pins_INIT
 .text.dd_UART_pins_init
                0x00080fcc       0x70 src/PLATFORM/DRIVER/DD_GPIO/DD_GPIO.o
                0x00080fcc                dd_UART_pins_init
 .text.dd_PIO_INTERRUPT_DISABLE
                0x0008103c       0x40 src/PLATFORM/DRIVER/DD_GPIO/DD_GPIO.o
                0x0008103c                dd_PIO_INTERRUPT_DISABLE
 .text.dd_enable_PIO
                0x0008107c       0x24 src/PLATFORM/DRIVER/DD_GPIO/DD_GPIO.o
                0x0008107c                dd_enable_PIO
 .text.dd_disable_PIO
                0x000810a0       0x24 src/PLATFORM/DRIVER/DD_GPIO/DD_GPIO.o
                0x000810a0                dd_disable_PIO
 .text.dd_enable_OUTPUT
                0x000810c4       0x24 src/PLATFORM/DRIVER/DD_GPIO/DD_GPIO.o
                0x000810c4                dd_enable_OUTPUT
 .text.dd_disable_OUTPUT
                0x000810e8       0x24 src/PLATFORM/DRIVER/DD_GPIO/DD_GPIO.o
                0x000810e8                dd_disable_OUTPUT
 .text.dd_SET_OUTPUT_DATA
                0x0008110c       0x24 src/PLATFORM/DRIVER/DD_GPIO/DD_GPIO.o
                0x0008110c                dd_SET_OUTPUT_DATA
 .text.dd_CLEAR_OUTPUT_DATA
                0x00081130       0x24 src/PLATFORM/DRIVER/DD_GPIO/DD_GPIO.o
                0x00081130                dd_CLEAR_OUTPUT_DATA
 .text.dd_enable_PULLUP
                0x00081154       0x24 src/PLATFORM/DRIVER/DD_GPIO/DD_GPIO.o
                0x00081154                dd_enable_PULLUP
 .text.dd_disable_PULLUP
                0x00081178       0x24 src/PLATFORM/DRIVER/DD_GPIO/DD_GPIO.o
                0x00081178                dd_disable_PULLUP
 .text.dd_enable_OUTPUT_WRITE
                0x0008119c       0x28 src/PLATFORM/DRIVER/DD_GPIO/DD_GPIO.o
                0x0008119c                dd_enable_OUTPUT_WRITE
 .text.dd_disable_OUTPUT_WRITE
                0x000811c4       0x28 src/PLATFORM/DRIVER/DD_GPIO/DD_GPIO.o
                0x000811c4                dd_disable_OUTPUT_WRITE
 .text.DD_PS1_INIT
                0x000811ec       0xd0 src/PLATFORM/DRIVER/DD_PS1/DD_PS1.o
                0x000811ec                DD_PS1_INIT
 .text.DD_PS2_INIT
                0x000812bc       0xcc src/PLATFORM/DRIVER/DD_PS2/DD_PS2.o
                0x000812bc                DD_PS2_INIT
 .text.DD_PS3_INIT
                0x00081388       0xcc src/PLATFORM/DRIVER/DD_PS3/DD_PS3.o
                0x00081388                DD_PS3_INIT
 .text.osc_get_rate
                0x00081454       0x74 src/PLATFORM/DRIVER/DD_SPI/DD_SPI.o
 .text.sysclk_get_main_hz
                0x000814c8       0x1c src/PLATFORM/DRIVER/DD_SPI/DD_SPI.o
 .text.sysclk_get_peripheral_hz
                0x000814e4       0x14 src/PLATFORM/DRIVER/DD_SPI/DD_SPI.o
 .text.sysclk_enable_peripheral_clock
                0x000814f8       0x1c src/PLATFORM/DRIVER/DD_SPI/DD_SPI.o
 .text.dd_spi_set_transfer_delay
                0x00081514       0x5c src/PLATFORM/DRIVER/DD_SPI/DD_SPI.o
                0x00081514                dd_spi_set_transfer_delay
 .text.dd_spi_set_bits_per_transfer
                0x00081570       0x4c src/PLATFORM/DRIVER/DD_SPI/DD_SPI.o
                0x00081570                dd_spi_set_bits_per_transfer
 .text.dd_spi_set_clock_polarity
                0x000815bc       0x54 src/PLATFORM/DRIVER/DD_SPI/DD_SPI.o
                0x000815bc                dd_spi_set_clock_polarity
 .text.dd_spi_set_clock_phase
                0x00081610       0x54 src/PLATFORM/DRIVER/DD_SPI/DD_SPI.o
                0x00081610                dd_spi_set_clock_phase
 .text.dd_spi_set_baudrate_div
                0x00081664       0x60 src/PLATFORM/DRIVER/DD_SPI/DD_SPI.o
                0x00081664                dd_spi_set_baudrate_div
 .text.dd_spi_set_peripheral_chip_select_value
                0x000816c4       0x38 src/PLATFORM/DRIVER/DD_SPI/DD_SPI.o
                0x000816c4                dd_spi_set_peripheral_chip_select_value
 .text.dd_spi_master_transfer
                0x000816fc       0x70 src/PLATFORM/DRIVER/DD_SPI/DD_SPI.o
                0x000816fc                dd_spi_master_transfer
 .text.dd_spi_master_read
                0x0008176c       0x6c src/PLATFORM/DRIVER/DD_SPI/DD_SPI.o
                0x0008176c                dd_spi_master_read
 .text.dd_spi_write
                0x000817d8       0x70 src/PLATFORM/DRIVER/DD_SPI/DD_SPI.o
                0x000817d8                dd_spi_write
 .text.dd_spi_read
                0x00081848       0x50 src/PLATFORM/DRIVER/DD_SPI/DD_SPI.o
                0x00081848                dd_spi_read
 .text.SENSOR_DD_INIT_SPI
                0x00081898      0x1a0 src/PLATFORM/DRIVER/DD_SPI/DD_SPI.o
                0x00081898                SENSOR_DD_INIT_SPI
 .text.DD_TS1_CHIP_SELECT
                0x00081a38       0x18 src/PLATFORM/DRIVER/DD_SYS/DD_SYS.o
                0x00081a38                DD_TS1_CHIP_SELECT
 .text.DD_TS2_CHIP_SELECT
                0x00081a50       0x1c src/PLATFORM/DRIVER/DD_SYS/DD_SYS.o
                0x00081a50                DD_TS2_CHIP_SELECT
 .text.DD_CS1_TS_CHIP_SELECT
                0x00081a6c       0x1c src/PLATFORM/DRIVER/DD_SYS/DD_SYS.o
                0x00081a6c                DD_CS1_TS_CHIP_SELECT
 .text.DD_CS2_TS_CHIP_SELECT
                0x00081a88       0x18 src/PLATFORM/DRIVER/DD_SYS/DD_SYS.o
                0x00081a88                DD_CS2_TS_CHIP_SELECT
 .text.DD_CS3_TS_CHIP_SELECT
                0x00081aa0       0x18 src/PLATFORM/DRIVER/DD_SYS/DD_SYS.o
                0x00081aa0                DD_CS3_TS_CHIP_SELECT
 .text.DD_TS3_CHIP_SELECT
                0x00081ab8       0x1c src/PLATFORM/DRIVER/DD_SYS/DD_SYS.o
                0x00081ab8                DD_TS3_CHIP_SELECT
 .text.DD_TS_MUX_CHIP_SELECT
                0x00081ad4       0x1c src/PLATFORM/DRIVER/DD_SYS/DD_SYS.o
                0x00081ad4                DD_TS_MUX_CHIP_SELECT
 .text.DD_CON_ADC_CHIP_SELECT
                0x00081af0       0x20 src/PLATFORM/DRIVER/DD_SYS/DD_SYS.o
                0x00081af0                DD_CON_ADC_CHIP_SELECT
 .text.DD_AN_MUX_CHIPSEL_2
                0x00081b10       0x20 src/PLATFORM/DRIVER/DD_SYS/DD_SYS.o
                0x00081b10                DD_AN_MUX_CHIPSEL_2
 .text.DD_AN_MUX_CHIPSEL_3
                0x00081b30       0x18 src/PLATFORM/DRIVER/DD_SYS/DD_SYS.o
                0x00081b30                DD_AN_MUX_CHIPSEL_3
 .text.DD_AN_MUX_CHIPSEL_4
                0x00081b48       0x18 src/PLATFORM/DRIVER/DD_SYS/DD_SYS.o
                0x00081b48                DD_AN_MUX_CHIPSEL_4
 .text.DD_SPI_PCS_DECODER_ACTIVE
                0x00081b60       0x1c src/PLATFORM/DRIVER/DD_SYS/DD_SYS.o
                0x00081b60                DD_SPI_PCS_DECODER_ACTIVE
 .text.DD_SPI_PCS_DECODER_DEACTIVE
                0x00081b7c       0x1c src/PLATFORM/DRIVER/DD_SYS/DD_SYS.o
                0x00081b7c                DD_SPI_PCS_DECODER_DEACTIVE
 .text.DD_DISABLE_ISOLATORS_MISO_PIN
                0x00081b98       0x30 src/PLATFORM/DRIVER/DD_SYS/DD_SYS.o
                0x00081b98                DD_DISABLE_ISOLATORS_MISO_PIN
 .text.DD_ENABLE_ISOLATOR_1
                0x00081bc8       0x34 src/PLATFORM/DRIVER/DD_SYS/DD_SYS.o
                0x00081bc8                DD_ENABLE_ISOLATOR_1
 .text.DD_ENABLE_ISOLATOR_2
                0x00081bfc       0x34 src/PLATFORM/DRIVER/DD_SYS/DD_SYS.o
                0x00081bfc                DD_ENABLE_ISOLATOR_2
 .text.DD_ENABLE_ISOLATOR_3
                0x00081c30       0x34 src/PLATFORM/DRIVER/DD_SYS/DD_SYS.o
                0x00081c30                DD_ENABLE_ISOLATOR_3
 .text.DD_INIT_ALL_SENSORS
                0x00081c64       0xf4 src/PLATFORM/DRIVER/DD_SYS/DD_SYS.o
                0x00081c64                DD_INIT_ALL_SENSORS
 .text.DD_READ_SENSORS
                0x00081d58      0xf00 src/PLATFORM/DRIVER/DD_SYS/DD_SYS.o
                0x00081d58                DD_READ_SENSORS
 .text.DD_TS1_INIT
                0x00082c58       0x78 src/PLATFORM/DRIVER/DD_TS1/DD_TS1.o
                0x00082c58                DD_TS1_INIT
 .text.DD_TS2_INIT
                0x00082cd0       0x78 src/PLATFORM/DRIVER/DD_TS2/DD_TS2.o
                0x00082cd0                DD_TS2_INIT
 .text.DD_TS3_INIT
                0x00082d48       0xe8 src/PLATFORM/DRIVER/DD_TS3/DD_TS3.o
                0x00082d48                DD_TS3_INIT
 .text.SV_SEND_CAN_MAILBOX
                0x00082e30       0x84 src/PLATFORM/SERVICE/SV_STATUS/SV_STATUS.o
 .text.SV_put_sensor_data
                0x00082eb4      0x20c src/PLATFORM/SERVICE/SV_STATUS/SV_STATUS.o
                0x00082eb4                SV_put_sensor_data
 .text.SV_get_sensor_data
                0x000830c0      0x118 src/PLATFORM/SERVICE/SV_STATUS/SV_STATUS.o
                0x000830c0                SV_get_sensor_data
 .text.SV_SYSTEM_INIT
                0x000831d8       0x38 src/PLATFORM/SERVICE/SV_SYS/SV_SYS.o
                0x000831d8                SV_SYSTEM_INIT
 .text._write   0x00083210       0x6c src/ASF/common/utils/stdio/write.o
                0x00083210                _write
 .text.usart_set_async_baudrate
                0x0008327c       0x88 src/ASF/sam/drivers/usart/usart.o
                0x0008327c                usart_set_async_baudrate
 .text.usart_reset
                0x00083304       0x54 src/ASF/sam/drivers/usart/usart.o
                0x00083304                usart_reset
 .text.usart_init_rs232
                0x00083358       0x84 src/ASF/sam/drivers/usart/usart.o
                0x00083358                usart_init_rs232
 .text.usart_enable_tx
                0x000833dc       0x18 src/ASF/sam/drivers/usart/usart.o
                0x000833dc                usart_enable_tx
 .text.usart_reset_tx
                0x000833f4       0x18 src/ASF/sam/drivers/usart/usart.o
                0x000833f4                usart_reset_tx
 .text.usart_enable_rx
                0x0008340c       0x18 src/ASF/sam/drivers/usart/usart.o
                0x0008340c                usart_enable_rx
 .text.usart_reset_rx
                0x00083424       0x18 src/ASF/sam/drivers/usart/usart.o
                0x00083424                usart_reset_rx
 .text.usart_reset_status
                0x0008343c       0x1c src/ASF/sam/drivers/usart/usart.o
                0x0008343c                usart_reset_status
 .text.usart_drive_RTS_pin_high
                0x00083458       0x1c src/ASF/sam/drivers/usart/usart.o
                0x00083458                usart_drive_RTS_pin_high
 .text.usart_write
                0x00083474       0x30 src/ASF/sam/drivers/usart/usart.o
                0x00083474                usart_write
 .text.usart_read
                0x000834a4       0x34 src/ASF/sam/drivers/usart/usart.o
                0x000834a4                usart_read
 .text.usart_disable_writeprotect
                0x000834d8       0x20 src/ASF/sam/drivers/usart/usart.o
                0x000834d8                usart_disable_writeprotect
 .text.uart_init
                0x000834f8       0x60 src/ASF/sam/drivers/uart/uart.o
                0x000834f8                uart_init
 .text.uart_write
                0x00083558       0x30 src/ASF/sam/drivers/uart/uart.o
                0x00083558                uart_write
 .text.uart_read
                0x00083588       0x30 src/ASF/sam/drivers/uart/uart.o
                0x00083588                uart_read
 .text.osc_get_rate
                0x000835b8       0x74 src/PLATFORM/DRIVER/DD_CONSOLE/DD_COSOLE.o
 .text.sysclk_get_main_hz
                0x0008362c       0x1c src/PLATFORM/DRIVER/DD_CONSOLE/DD_COSOLE.o
 .text.sysclk_get_peripheral_hz
                0x00083648       0x14 src/PLATFORM/DRIVER/DD_CONSOLE/DD_COSOLE.o
 .text.sysclk_enable_peripheral_clock
                0x0008365c       0x1c src/PLATFORM/DRIVER/DD_CONSOLE/DD_COSOLE.o
 .text.usart_serial_init
                0x00083678      0x138 src/PLATFORM/DRIVER/DD_CONSOLE/DD_COSOLE.o
 .text.usart_serial_putchar
                0x000837b0       0xc8 src/PLATFORM/DRIVER/DD_CONSOLE/DD_COSOLE.o
 .text.usart_serial_getchar
                0x00083878       0xdc src/PLATFORM/DRIVER/DD_CONSOLE/DD_COSOLE.o
 .text.stdio_serial_init
                0x00083954       0x68 src/PLATFORM/DRIVER/DD_CONSOLE/DD_COSOLE.o
 .text.SENSOR_D_INIT_UART
                0x000839bc       0x48 src/PLATFORM/DRIVER/DD_CONSOLE/DD_COSOLE.o
                0x000839bc                SENSOR_D_INIT_UART
 .text.osc_enable
                0x00083a04       0x88 src/ASF/common/services/clock/sam3x/sysclk.o
 .text.osc_is_ready
                0x00083a8c       0x70 src/ASF/common/services/clock/sam3x/sysclk.o
 .text.osc_get_rate
                0x00083afc       0x74 src/ASF/common/services/clock/sam3x/sysclk.o
 .text.osc_wait_ready
                0x00083b70       0x2c src/ASF/common/services/clock/sam3x/sysclk.o
 .text.pll_config_init
                0x00083b9c       0x6c src/ASF/common/services/clock/sam3x/sysclk.o
 .text.pll_enable
                0x00083c08       0x40 src/ASF/common/services/clock/sam3x/sysclk.o
 .text.pll_is_locked
                0x00083c48       0x2c src/ASF/common/services/clock/sam3x/sysclk.o
 .text.pll_enable_source
                0x00083c74       0x38 src/ASF/common/services/clock/sam3x/sysclk.o
 .text.pll_wait_for_lock
                0x00083cac       0x24 src/ASF/common/services/clock/sam3x/sysclk.o
 .text.sysclk_get_main_hz
                0x00083cd0       0x1c src/ASF/common/services/clock/sam3x/sysclk.o
 .text.sysclk_get_cpu_hz
                0x00083cec       0x14 src/ASF/common/services/clock/sam3x/sysclk.o
 .text.sysclk_init
                0x00083d00       0x70 src/ASF/common/services/clock/sam3x/sysclk.o
                0x00083d00                sysclk_init
 .text.sysclk_enable_peripheral_clock
                0x00083d70       0x1c src/ASF/sam/boards/arduino_due_x/init.o
 .text.ioport_init
                0x00083d8c       0x24 src/ASF/sam/boards/arduino_due_x/init.o
 .text.board_init
                0x00083db0       0x84 src/ASF/sam/boards/arduino_due_x/init.o
                0x00083db0                board_init
 .text.pio_pull_up
                0x00083e34       0x2c src/ASF/sam/drivers/pio/pio.o
                0x00083e34                pio_pull_up
 .text.pio_set_peripheral
                0x00083e60       0x80 src/ASF/sam/drivers/pio/pio.o
                0x00083e60                pio_set_peripheral
 .text.pio_set_input
                0x00083ee0       0x80 src/ASF/sam/drivers/pio/pio.o
                0x00083ee0                pio_set_input
 .text.pio_set_output
                0x00083f60       0x64 src/ASF/sam/drivers/pio/pio.o
                0x00083f60                pio_set_output
 .text.pio_disable_interrupt
                0x00083fc4       0x1c src/ASF/sam/drivers/pio/pio.o
                0x00083fc4                pio_disable_interrupt
 .text.pio_get_interrupt_status
                0x00083fe0       0x18 src/ASF/sam/drivers/pio/pio.o
                0x00083fe0                pio_get_interrupt_status
 .text.pio_get_interrupt_mask
                0x00083ff8       0x18 src/ASF/sam/drivers/pio/pio.o
                0x00083ff8                pio_get_interrupt_mask
 .text.pio_configure_pin
                0x00084010       0x24 src/ASF/sam/drivers/pio/pio.o
                0x00084010                pio_configure_pin
 .text.pio_configure_pin_group
                0x00084034       0xe4 src/ASF/sam/drivers/pio/pio.o
                0x00084034                pio_configure_pin_group
 .text.pio_get_pin_group
                0x00084118       0x24 src/ASF/sam/drivers/pio/pio.o
                0x00084118                pio_get_pin_group
 .text.pio_handler_process
                0x0008413c       0xb4 src/ASF/sam/drivers/pio/pio_handler.o
                0x0008413c                pio_handler_process
 .text.PIOA_Handler
                0x000841f0       0x18 src/ASF/sam/drivers/pio/pio_handler.o
                0x000841f0                PIOA_Handler
 .text.PIOB_Handler
                0x00084208       0x18 src/ASF/sam/drivers/pio/pio_handler.o
                0x00084208                PIOB_Handler
 .text.PIOC_Handler
                0x00084220       0x18 src/ASF/sam/drivers/pio/pio_handler.o
                0x00084220                PIOC_Handler
 .text.PIOD_Handler
                0x00084238       0x18 src/ASF/sam/drivers/pio/pio_handler.o
                0x00084238                PIOD_Handler
 .text.pmc_switch_mck_to_pllack
                0x00084250       0x80 src/ASF/sam/drivers/pmc/pmc.o
                0x00084250                pmc_switch_mck_to_pllack
 .text.pmc_switch_sclk_to_32kxtal
                0x000842d0       0x38 src/ASF/sam/drivers/pmc/pmc.o
                0x000842d0                pmc_switch_sclk_to_32kxtal
 .text.pmc_osc_is_ready_32kxtal
                0x00084308       0x34 src/ASF/sam/drivers/pmc/pmc.o
                0x00084308                pmc_osc_is_ready_32kxtal
 .text.pmc_switch_mainck_to_fastrc
                0x0008433c       0x70 src/ASF/sam/drivers/pmc/pmc.o
                0x0008433c                pmc_switch_mainck_to_fastrc
 .text.pmc_switch_mainck_to_xtal
                0x000843ac       0x78 src/ASF/sam/drivers/pmc/pmc.o
                0x000843ac                pmc_switch_mainck_to_xtal
 .text.pmc_osc_is_ready_mainck
                0x00084424       0x18 src/ASF/sam/drivers/pmc/pmc.o
                0x00084424                pmc_osc_is_ready_mainck
 .text.pmc_disable_pllack
                0x0008443c       0x18 src/ASF/sam/drivers/pmc/pmc.o
                0x0008443c                pmc_disable_pllack
 .text.pmc_is_locked_pllack
                0x00084454       0x18 src/ASF/sam/drivers/pmc/pmc.o
                0x00084454                pmc_is_locked_pllack
 .text.pmc_is_locked_upll
                0x0008446c       0x18 src/ASF/sam/drivers/pmc/pmc.o
                0x0008446c                pmc_is_locked_upll
 .text.pmc_enable_periph_clk
                0x00084484       0x80 src/ASF/sam/drivers/pmc/pmc.o
                0x00084484                pmc_enable_periph_clk
 .text.Dummy_Handler
                0x00084504        0x8 src/ASF/sam/utils/cmsis/sam3x/source/templates/exceptions.o
                0x00084504                DACC_Handler
                0x00084504                DebugMon_Handler
                0x00084504                DMAC_Handler
                0x00084504                TRNG_Handler
                0x00084504                HardFault_Handler
                0x00084504                TC2_Handler
                0x00084504                SysTick_Handler
                0x00084504                USART3_Handler
                0x00084504                TWI1_Handler
                0x00084504                PendSV_Handler
                0x00084504                NMI_Handler
                0x00084504                TC7_Handler
                0x00084504                ADC_Handler
                0x00084504                SMC_Handler
                0x00084504                USART0_Handler
                0x00084504                RTT_Handler
                0x00084504                EFC1_Handler
                0x00084504                RTC_Handler
                0x00084504                UsageFault_Handler
                0x00084504                TC6_Handler
                0x00084504                WDT_Handler
                0x00084504                TC4_Handler
                0x00084504                TC1_Handler
                0x00084504                HSMCI_Handler
                0x00084504                TC3_Handler
                0x00084504                Dummy_Handler
                0x00084504                TWI0_Handler
                0x00084504                USART1_Handler
                0x00084504                SSC_Handler
                0x00084504                EFC0_Handler
                0x00084504                PMC_Handler
                0x00084504                PWM_Handler
                0x00084504                CAN1_Handler
                0x00084504                MemManage_Handler
                0x00084504                SUPC_Handler
                0x00084504                SVC_Handler
                0x00084504                TC8_Handler
                0x00084504                USART2_Handler
                0x00084504                EMAC_Handler
                0x00084504                UART_Handler
                0x00084504                BusFault_Handler
                0x00084504                RSTC_Handler
                0x00084504                TC0_Handler
                0x00084504                TC5_Handler
                0x00084504                UOTGHS_Handler
                0x00084504                SPI0_Handler
 .text.Reset_Handler
                0x0008450c       0xa8 src/ASF/sam/utils/cmsis/sam3x/source/templates/gcc/startup_sam3x.o
                0x0008450c                Reset_Handler
 .text.SystemCoreClockUpdate
                0x000845b4      0x184 src/ASF/sam/utils/cmsis/sam3x/source/templates/system_sam3x.o
                0x000845b4                SystemCoreClockUpdate
 .text._sbrk    0x00084738       0x58 src/ASF/sam/utils/syscalls/gcc/syscalls.o
                0x00084738                _sbrk
 .text._close   0x00084790       0x18 src/ASF/sam/utils/syscalls/gcc/syscalls.o
                0x00084790                _close
 .text._fstat   0x000847a8       0x20 src/ASF/sam/utils/syscalls/gcc/syscalls.o
                0x000847a8                _fstat
 .text._isatty  0x000847c8       0x14 src/ASF/sam/utils/syscalls/gcc/syscalls.o
                0x000847c8                _isatty
 .text._lseek   0x000847dc       0x18 src/ASF/sam/utils/syscalls/gcc/syscalls.o
                0x000847dc                _lseek
 .text.main     0x000847f4       0x5c src/SENSOR_CPU.o
                0x000847f4                main
 .text.__libc_init_array
                0x00084850       0x50 c:/program files (x86)/atmel/studio/7.0/toolchain/arm/arm-gnu-toolchain/bin/../lib/gcc/arm-none-eabi/5.3.1/../../../../arm-none-eabi/lib/armv7-m\libc.a(lib_a-init.o)
                0x00084850                __libc_init_array
 .text.memset   0x000848a0       0x9c c:/program files (x86)/atmel/studio/7.0/toolchain/arm/arm-gnu-toolchain/bin/../lib/gcc/arm-none-eabi/5.3.1/../../../../arm-none-eabi/lib/armv7-m\libc.a(lib_a-memset.o)
                0x000848a0                memset
 .text._puts_r  0x0008493c       0x68 c:/program files (x86)/atmel/studio/7.0/toolchain/arm/arm-gnu-toolchain/bin/../lib/gcc/arm-none-eabi/5.3.1/../../../../arm-none-eabi/lib/armv7-m\libc.a(lib_a-puts.o)
                0x0008493c                _puts_r
 .text.puts     0x000849a4       0x10 c:/program files (x86)/atmel/studio/7.0/toolchain/arm/arm-gnu-toolchain/bin/../lib/gcc/arm-none-eabi/5.3.1/../../../../arm-none-eabi/lib/armv7-m\libc.a(lib_a-puts.o)
                0x000849a4                puts
 .text.setbuf   0x000849b4       0x10 c:/program files (x86)/atmel/studio/7.0/toolchain/arm/arm-gnu-toolchain/bin/../lib/gcc/arm-none-eabi/5.3.1/../../../../arm-none-eabi/lib/armv7-m\libc.a(lib_a-setbuf.o)
                0x000849b4                setbuf
 .text.setvbuf  0x000849c4      0x150 c:/program files (x86)/atmel/studio/7.0/toolchain/arm/arm-gnu-toolchain/bin/../lib/gcc/arm-none-eabi/5.3.1/../../../../arm-none-eabi/lib/armv7-m\libc.a(lib_a-setvbuf.o)
                0x000849c4                setvbuf
 .text.strlen   0x00084b14       0x5c c:/program files (x86)/atmel/studio/7.0/toolchain/arm/arm-gnu-toolchain/bin/../lib/gcc/arm-none-eabi/5.3.1/../../../../arm-none-eabi/lib/armv7-m\libc.a(lib_a-strlen-stub.o)
                0x00084b14                strlen
 .text.__swsetup_r
                0x00084b70       0xc8 c:/program files (x86)/atmel/studio/7.0/toolchain/arm/arm-gnu-toolchain/bin/../lib/gcc/arm-none-eabi/5.3.1/../../../../arm-none-eabi/lib/armv7-m\libc.a(lib_a-wsetup.o)
                0x00084b70                __swsetup_r
 .text.startup.register_fini
                0x00084c38       0x14 c:/program files (x86)/atmel/studio/7.0/toolchain/arm/arm-gnu-toolchain/bin/../lib/gcc/arm-none-eabi/5.3.1/../../../../arm-none-eabi/lib/armv7-m\libc.a(lib_a-__call_atexit.o)
 .text.atexit   0x00084c4c        0xc c:/program files (x86)/atmel/studio/7.0/toolchain/arm/arm-gnu-toolchain/bin/../lib/gcc/arm-none-eabi/5.3.1/../../../../arm-none-eabi/lib/armv7-m\libc.a(lib_a-atexit.o)
                0x00084c4c                atexit
 .text.__sflush_r
                0x00084c58      0x148 c:/program files (x86)/atmel/studio/7.0/toolchain/arm/arm-gnu-toolchain/bin/../lib/gcc/arm-none-eabi/5.3.1/../../../../arm-none-eabi/lib/armv7-m\libc.a(lib_a-fflush.o)
                0x00084c58                __sflush_r
 .text._fflush_r
                0x00084da0       0x2c c:/program files (x86)/atmel/studio/7.0/toolchain/arm/arm-gnu-toolchain/bin/../lib/gcc/arm-none-eabi/5.3.1/../../../../arm-none-eabi/lib/armv7-m\libc.a(lib_a-fflush.o)
                0x00084da0                _fflush_r
 .text._cleanup_r
                0x00084dcc        0xc c:/program files (x86)/atmel/studio/7.0/toolchain/arm/arm-gnu-toolchain/bin/../lib/gcc/arm-none-eabi/5.3.1/../../../../arm-none-eabi/lib/armv7-m\libc.a(lib_a-findfp.o)
                0x00084dcc                _cleanup_r
 .text.__sinit.part.1
                0x00084dd8       0xf0 c:/program files (x86)/atmel/studio/7.0/toolchain/arm/arm-gnu-toolchain/bin/../lib/gcc/arm-none-eabi/5.3.1/../../../../arm-none-eabi/lib/armv7-m\libc.a(lib_a-findfp.o)
 .text.__sinit  0x00084ec8        0xc c:/program files (x86)/atmel/studio/7.0/toolchain/arm/arm-gnu-toolchain/bin/../lib/gcc/arm-none-eabi/5.3.1/../../../../arm-none-eabi/lib/armv7-m\libc.a(lib_a-findfp.o)
                0x00084ec8                __sinit
 .text.__sfp_lock_acquire
                0x00084ed4        0x4 c:/program files (x86)/atmel/studio/7.0/toolchain/arm/arm-gnu-toolchain/bin/../lib/gcc/arm-none-eabi/5.3.1/../../../../arm-none-eabi/lib/armv7-m\libc.a(lib_a-findfp.o)
                0x00084ed4                __sfp_lock_acquire
 .text.__sfp_lock_release
                0x00084ed8        0x4 c:/program files (x86)/atmel/studio/7.0/toolchain/arm/arm-gnu-toolchain/bin/../lib/gcc/arm-none-eabi/5.3.1/../../../../arm-none-eabi/lib/armv7-m\libc.a(lib_a-findfp.o)
                0x00084ed8                __sfp_lock_release
 .text.__libc_fini_array
                0x00084edc       0x28 c:/program files (x86)/atmel/studio/7.0/toolchain/arm/arm-gnu-toolchain/bin/../lib/gcc/arm-none-eabi/5.3.1/../../../../arm-none-eabi/lib/armv7-m\libc.a(lib_a-fini.o)
                0x00084edc                __libc_fini_array
 .text._malloc_trim_r
                0x00084f04       0x9c c:/program files (x86)/atmel/studio/7.0/toolchain/arm/arm-gnu-toolchain/bin/../lib/gcc/arm-none-eabi/5.3.1/../../../../arm-none-eabi/lib/armv7-m\libc.a(lib_a-freer.o)
                0x00084f04                _malloc_trim_r
 .text._free_r  0x00084fa0      0x1d0 c:/program files (x86)/atmel/studio/7.0/toolchain/arm/arm-gnu-toolchain/bin/../lib/gcc/arm-none-eabi/5.3.1/../../../../arm-none-eabi/lib/armv7-m\libc.a(lib_a-freer.o)
                0x00084fa0                _free_r
 .text.__sfvwrite_r
                0x00085170      0x308 c:/program files (x86)/atmel/studio/7.0/toolchain/arm/arm-gnu-toolchain/bin/../lib/gcc/arm-none-eabi/5.3.1/../../../../arm-none-eabi/lib/armv7-m\libc.a(lib_a-fvwrite.o)
                0x00085170                __sfvwrite_r
 .text._fwalk_reent
                0x00085478       0x50 c:/program files (x86)/atmel/studio/7.0/toolchain/arm/arm-gnu-toolchain/bin/../lib/gcc/arm-none-eabi/5.3.1/../../../../arm-none-eabi/lib/armv7-m\libc.a(lib_a-fwalk.o)
                0x00085478                _fwalk_reent
 .text.__swhatbuf_r
                0x000854c8       0x60 c:/program files (x86)/atmel/studio/7.0/toolchain/arm/arm-gnu-toolchain/bin/../lib/gcc/arm-none-eabi/5.3.1/../../../../arm-none-eabi/lib/armv7-m\libc.a(lib_a-makebuf.o)
                0x000854c8                __swhatbuf_r
 .text.__smakebuf_r
                0x00085528       0x88 c:/program files (x86)/atmel/studio/7.0/toolchain/arm/arm-gnu-toolchain/bin/../lib/gcc/arm-none-eabi/5.3.1/../../../../arm-none-eabi/lib/armv7-m\libc.a(lib_a-makebuf.o)
                0x00085528                __smakebuf_r
 .text.malloc   0x000855b0       0x10 c:/program files (x86)/atmel/studio/7.0/toolchain/arm/arm-gnu-toolchain/bin/../lib/gcc/arm-none-eabi/5.3.1/../../../../arm-none-eabi/lib/armv7-m\libc.a(lib_a-malloc.o)
                0x000855b0                malloc
 .text._malloc_r
                0x000855c0      0x558 c:/program files (x86)/atmel/studio/7.0/toolchain/arm/arm-gnu-toolchain/bin/../lib/gcc/arm-none-eabi/5.3.1/../../../../arm-none-eabi/lib/armv7-m\libc.a(lib_a-mallocr.o)
                0x000855c0                _malloc_r
 .text.memchr   0x00085b18       0x8c c:/program files (x86)/atmel/studio/7.0/toolchain/arm/arm-gnu-toolchain/bin/../lib/gcc/arm-none-eabi/5.3.1/../../../../arm-none-eabi/lib/armv7-m\libc.a(lib_a-memchr-stub.o)
                0x00085b18                memchr
 .text          0x00085ba4       0xec c:/program files (x86)/atmel/studio/7.0/toolchain/arm/arm-gnu-toolchain/bin/../lib/gcc/arm-none-eabi/5.3.1/../../../../arm-none-eabi/lib/armv7-m\libc.a(lib_a-memcpy.o)
                0x00085ba4                memcpy
 .text.memmove  0x00085c90       0xc8 c:/program files (x86)/atmel/studio/7.0/toolchain/arm/arm-gnu-toolchain/bin/../lib/gcc/arm-none-eabi/5.3.1/../../../../arm-none-eabi/lib/armv7-m\libc.a(lib_a-memmove.o)
                0x00085c90                memmove
 .text.__malloc_lock
                0x00085d58        0x4 c:/program files (x86)/atmel/studio/7.0/toolchain/arm/arm-gnu-toolchain/bin/../lib/gcc/arm-none-eabi/5.3.1/../../../../arm-none-eabi/lib/armv7-m\libc.a(lib_a-mlock.o)
                0x00085d58                __malloc_lock
 .text.__malloc_unlock
                0x00085d5c        0x4 c:/program files (x86)/atmel/studio/7.0/toolchain/arm/arm-gnu-toolchain/bin/../lib/gcc/arm-none-eabi/5.3.1/../../../../arm-none-eabi/lib/armv7-m\libc.a(lib_a-mlock.o)
                0x00085d5c                __malloc_unlock
 .text._realloc_r
                0x00085d60      0x3d4 c:/program files (x86)/atmel/studio/7.0/toolchain/arm/arm-gnu-toolchain/bin/../lib/gcc/arm-none-eabi/5.3.1/../../../../arm-none-eabi/lib/armv7-m\libc.a(lib_a-reallocr.o)
                0x00085d60                _realloc_r
 .text._sbrk_r  0x00086134       0x24 c:/program files (x86)/atmel/studio/7.0/toolchain/arm/arm-gnu-toolchain/bin/../lib/gcc/arm-none-eabi/5.3.1/../../../../arm-none-eabi/lib/armv7-m\libc.a(lib_a-sbrkr.o)
                0x00086134                _sbrk_r
 .text.__sread  0x00086158       0x24 c:/program files (x86)/atmel/studio/7.0/toolchain/arm/arm-gnu-toolchain/bin/../lib/gcc/arm-none-eabi/5.3.1/../../../../arm-none-eabi/lib/armv7-m\libc.a(lib_a-stdio.o)
                0x00086158                __sread
 .text.__swrite
                0x0008617c       0x3c c:/program files (x86)/atmel/studio/7.0/toolchain/arm/arm-gnu-toolchain/bin/../lib/gcc/arm-none-eabi/5.3.1/../../../../arm-none-eabi/lib/armv7-m\libc.a(lib_a-stdio.o)
                0x0008617c                __swrite
 .text.__sseek  0x000861b8       0x20 c:/program files (x86)/atmel/studio/7.0/toolchain/arm/arm-gnu-toolchain/bin/../lib/gcc/arm-none-eabi/5.3.1/../../../../arm-none-eabi/lib/armv7-m\libc.a(lib_a-stdio.o)
                0x000861b8                __sseek
 .text.__sclose
                0x000861d8        0x8 c:/program files (x86)/atmel/studio/7.0/toolchain/arm/arm-gnu-toolchain/bin/../lib/gcc/arm-none-eabi/5.3.1/../../../../arm-none-eabi/lib/armv7-m\libc.a(lib_a-stdio.o)
                0x000861d8                __sclose
 .text._write_r
                0x000861e0       0x2c c:/program files (x86)/atmel/studio/7.0/toolchain/arm/arm-gnu-toolchain/bin/../lib/gcc/arm-none-eabi/5.3.1/../../../../arm-none-eabi/lib/armv7-m\libc.a(lib_a-writer.o)
                0x000861e0                _write_r
 .text.__register_exitproc
                0x0008620c       0xa4 c:/program files (x86)/atmel/studio/7.0/toolchain/arm/arm-gnu-toolchain/bin/../lib/gcc/arm-none-eabi/5.3.1/../../../../arm-none-eabi/lib/armv7-m\libc.a(lib_a-__atexit.o)
                0x0008620c                __register_exitproc
 .text._close_r
                0x000862b0       0x24 c:/program files (x86)/atmel/studio/7.0/toolchain/arm/arm-gnu-toolchain/bin/../lib/gcc/arm-none-eabi/5.3.1/../../../../arm-none-eabi/lib/armv7-m\libc.a(lib_a-closer.o)
                0x000862b0                _close_r
 .text._fclose_r
                0x000862d4       0x84 c:/program files (x86)/atmel/studio/7.0/toolchain/arm/arm-gnu-toolchain/bin/../lib/gcc/arm-none-eabi/5.3.1/../../../../arm-none-eabi/lib/armv7-m\libc.a(lib_a-fclose.o)
                0x000862d4                _fclose_r
 .text._fstat_r
                0x00086358       0x28 c:/program files (x86)/atmel/studio/7.0/toolchain/arm/arm-gnu-toolchain/bin/../lib/gcc/arm-none-eabi/5.3.1/../../../../arm-none-eabi/lib/armv7-m\libc.a(lib_a-fstatr.o)
                0x00086358                _fstat_r
 .text._isatty_r
                0x00086380       0x24 c:/program files (x86)/atmel/studio/7.0/toolchain/arm/arm-gnu-toolchain/bin/../lib/gcc/arm-none-eabi/5.3.1/../../../../arm-none-eabi/lib/armv7-m\libc.a(lib_a-isattyr.o)
                0x00086380                _isatty_r
 .text._lseek_r
                0x000863a4       0x2c c:/program files (x86)/atmel/studio/7.0/toolchain/arm/arm-gnu-toolchain/bin/../lib/gcc/arm-none-eabi/5.3.1/../../../../arm-none-eabi/lib/armv7-m\libc.a(lib_a-lseekr.o)
                0x000863a4                _lseek_r
 .text._read_r  0x000863d0       0x2c c:/program files (x86)/atmel/studio/7.0/toolchain/arm/arm-gnu-toolchain/bin/../lib/gcc/arm-none-eabi/5.3.1/../../../../arm-none-eabi/lib/armv7-m\libc.a(lib_a-readr.o)
                0x000863d0                _read_r
 *(.glue_7t)
 .glue_7t       0x000863fc        0x0 linker stubs
 *(.glue_7)
 .glue_7        0x000863fc        0x0 linker stubs
 *(.rodata .rodata* .gnu.linkonce.r.*)
 .rodata.can_bit_time
                0x000863fc       0x6c src/PLATFORM/DRIVER/DD_CAN/DD_CAN.o
                0x000863fc                can_bit_time
 .rodata        0x00086468       0x46 src/PLATFORM/DRIVER/DD_CAN/DD_CAN.o
 *fill*         0x000864ae        0x2 
 .rodata        0x000864b0       0x4e src/PLATFORM/DRIVER/DD_SPI/DD_SPI.o
 *fill*         0x000864fe        0x2 
 .rodata        0x00086500       0x4e src/PLATFORM/DRIVER/DD_CONSOLE/DD_COSOLE.o
 *fill*         0x0008654e        0x2 
 .rodata.str1.4
                0x00086550        0x2 c:/program files (x86)/atmel/studio/7.0/toolchain/arm/arm-gnu-toolchain/bin/../lib/gcc/arm-none-eabi/5.3.1/../../../../arm-none-eabi/lib/armv7-m\libc.a(lib_a-impure.o)
 *fill*         0x00086552        0x2 
 .rodata._global_impure_ptr
                0x00086554        0x4 c:/program files (x86)/atmel/studio/7.0/toolchain/arm/arm-gnu-toolchain/bin/../lib/gcc/arm-none-eabi/5.3.1/../../../../arm-none-eabi/lib/armv7-m\libc.a(lib_a-impure.o)
                0x00086554                _global_impure_ptr
 .rodata.str1.4
                0x00086558        0x4 c:/program files (x86)/atmel/studio/7.0/toolchain/arm/arm-gnu-toolchain/bin/../lib/gcc/arm-none-eabi/5.3.1/../../../../arm-none-eabi/lib/armv7-m\libc.a(lib_a-puts.o)
                                  0x2 (size before relaxing)
 *(.ARM.extab* .gnu.linkonce.armextab.*)
                0x0008655c                . = ALIGN (0x4)
 *(.init)
 .init          0x0008655c        0x4 c:/program files (x86)/atmel/studio/7.0/toolchain/arm/arm-gnu-toolchain/bin/../lib/gcc/arm-none-eabi/5.3.1/armv7-m/crti.o
                0x0008655c                _init
 .init          0x00086560        0x8 c:/program files (x86)/atmel/studio/7.0/toolchain/arm/arm-gnu-toolchain/bin/../lib/gcc/arm-none-eabi/5.3.1/armv7-m/crtn.o
                0x00086568                . = ALIGN (0x4)
                0x00086568                __preinit_array_start = .
 *(.preinit_array)
                0x00086568                __preinit_array_end = .
                0x00086568                . = ALIGN (0x4)
                0x00086568                __init_array_start = .
 *(SORT(.init_array.*))
 .init_array.00000
                0x00086568        0x4 c:/program files (x86)/atmel/studio/7.0/toolchain/arm/arm-gnu-toolchain/bin/../lib/gcc/arm-none-eabi/5.3.1/../../../../arm-none-eabi/lib/armv7-m\libc.a(lib_a-__call_atexit.o)
 *(.init_array)
 .init_array    0x0008656c        0x4 c:/program files (x86)/atmel/studio/7.0/toolchain/arm/arm-gnu-toolchain/bin/../lib/gcc/arm-none-eabi/5.3.1/armv7-m/crtbegin.o
                0x00086570                __init_array_end = .
                0x00086570                . = ALIGN (0x4)
 *crtbegin.o(.ctors)
 *(EXCLUDE_FILE(*crtend.o) .ctors)
 *(SORT(.ctors.*))
 *crtend.o(.ctors)
                0x00086570                . = ALIGN (0x4)
 *(.fini)
 .fini          0x00086570        0x4 c:/program files (x86)/atmel/studio/7.0/toolchain/arm/arm-gnu-toolchain/bin/../lib/gcc/arm-none-eabi/5.3.1/armv7-m/crti.o
                0x00086570                _fini
 .fini          0x00086574        0x8 c:/program files (x86)/atmel/studio/7.0/toolchain/arm/arm-gnu-toolchain/bin/../lib/gcc/arm-none-eabi/5.3.1/armv7-m/crtn.o
                0x0008657c                . = ALIGN (0x4)
                0x0008657c                __fini_array_start = .
 *(.fini_array)
 .fini_array    0x0008657c        0x4 c:/program files (x86)/atmel/studio/7.0/toolchain/arm/arm-gnu-toolchain/bin/../lib/gcc/arm-none-eabi/5.3.1/armv7-m/crtbegin.o
 *(SORT(.fini_array.*))
                0x00086580                __fini_array_end = .
 *crtbegin.o(.dtors)
 *(EXCLUDE_FILE(*crtend.o) .dtors)
 *(SORT(.dtors.*))
 *crtend.o(.dtors)
                0x00086580                . = ALIGN (0x4)
                0x00086580                _efixed = .
                [!provide]                PROVIDE (__exidx_start, .)

.vfp11_veneer   0x00086580        0x0
 .vfp11_veneer  0x00086580        0x0 linker stubs

.v4_bx          0x00086580        0x0
 .v4_bx         0x00086580        0x0 linker stubs

.iplt           0x00086580        0x0
 .iplt          0x00086580        0x0 c:/program files (x86)/atmel/studio/7.0/toolchain/arm/arm-gnu-toolchain/bin/../lib/gcc/arm-none-eabi/5.3.1/armv7-m/crtbegin.o

.eh_frame       0x00086580        0x0
 .eh_frame      0x00086580        0x0 c:/program files (x86)/atmel/studio/7.0/toolchain/arm/arm-gnu-toolchain/bin/../lib/gcc/arm-none-eabi/5.3.1/armv7-m/crtbegin.o

.rel.dyn        0x00086580        0x0
 .rel.iplt      0x00086580        0x0 c:/program files (x86)/atmel/studio/7.0/toolchain/arm/arm-gnu-toolchain/bin/../lib/gcc/arm-none-eabi/5.3.1/armv7-m/crtbegin.o

.jcr            0x00086580        0x0
 .jcr           0x00086580        0x0 c:/program files (x86)/atmel/studio/7.0/toolchain/arm/arm-gnu-toolchain/bin/../lib/gcc/arm-none-eabi/5.3.1/armv7-m/crtbegin.o

.igot.plt       0x00086580        0x0
 .igot.plt      0x00086580        0x0 c:/program files (x86)/atmel/studio/7.0/toolchain/arm/arm-gnu-toolchain/bin/../lib/gcc/arm-none-eabi/5.3.1/armv7-m/crtbegin.o

.ARM.exidx
 *(.ARM.exidx* .gnu.linkonce.armexidx.*)
                [!provide]                PROVIDE (__exidx_end, .)
                0x00086580                . = ALIGN (0x4)
                0x00086580                _etext = .

.relocate       0x20070000      0x9d4 load address 0x00086580
                0x20070000                . = ALIGN (0x4)
                0x20070000                _srelocate = .
 *(.ramfunc .ramfunc.*)
 .ramfunc       0x20070000      0x18c src/ASF/sam/utils/cmsis/sam3x/source/templates/system_sam3x.o
                0x20070000                SystemInit
                0x200700d0                system_init_flash
 *(.data .data.*)
 .data.gs_ul_spi_clock
                0x2007018c        0x4 src/PLATFORM/DRIVER/DD_SPI/DD_SPI.o
 .data.SystemCoreClock
                0x20070190        0x4 src/ASF/sam/utils/cmsis/sam3x/source/templates/system_sam3x.o
                0x20070190                SystemCoreClock
 *fill*         0x20070194        0x4 
 .data.impure_data
                0x20070198      0x428 c:/program files (x86)/atmel/studio/7.0/toolchain/arm/arm-gnu-toolchain/bin/../lib/gcc/arm-none-eabi/5.3.1/../../../../arm-none-eabi/lib/armv7-m\libc.a(lib_a-impure.o)
 .data._impure_ptr
                0x200705c0        0x4 c:/program files (x86)/atmel/studio/7.0/toolchain/arm/arm-gnu-toolchain/bin/../lib/gcc/arm-none-eabi/5.3.1/../../../../arm-none-eabi/lib/armv7-m\libc.a(lib_a-impure.o)
                0x200705c0                _impure_ptr
 .data.__malloc_av_
                0x200705c4      0x408 c:/program files (x86)/atmel/studio/7.0/toolchain/arm/arm-gnu-toolchain/bin/../lib/gcc/arm-none-eabi/5.3.1/../../../../arm-none-eabi/lib/armv7-m\libc.a(lib_a-mallocr.o)
                0x200705c4                __malloc_av_
 .data.__malloc_trim_threshold
                0x200709cc        0x4 c:/program files (x86)/atmel/studio/7.0/toolchain/arm/arm-gnu-toolchain/bin/../lib/gcc/arm-none-eabi/5.3.1/../../../../arm-none-eabi/lib/armv7-m\libc.a(lib_a-mallocr.o)
                0x200709cc                __malloc_trim_threshold
 .data.__malloc_sbrk_base
                0x200709d0        0x4 c:/program files (x86)/atmel/studio/7.0/toolchain/arm/arm-gnu-toolchain/bin/../lib/gcc/arm-none-eabi/5.3.1/../../../../arm-none-eabi/lib/armv7-m\libc.a(lib_a-mallocr.o)
                0x200709d0                __malloc_sbrk_base
                0x200709d4                . = ALIGN (0x4)
                0x200709d4                _erelocate = .

.bss            0x200709d4      0x154 load address 0x00086f54
                0x200709d4                . = ALIGN (0x4)
                0x200709d4                _sbss = .
                0x200709d4                _szero = .
 *(.bss .bss.*)
 .bss           0x200709d4       0x1c c:/program files (x86)/atmel/studio/7.0/toolchain/arm/arm-gnu-toolchain/bin/../lib/gcc/arm-none-eabi/5.3.1/armv7-m/crtbegin.o
 .bss.g_ul_recv_status
                0x200709f0        0x4 src/PLATFORM/DRIVER/DD_CAN/DD_CAN.o
                0x200709f0                g_ul_recv_status
 .bss.master_requested_sensor_data
                0x200709f4        0x1 src/PLATFORM/DRIVER/DD_CAN/DD_CAN.o
                0x200709f4                master_requested_sensor_data
 .bss.SPI_CHIP_SEL
                0x200709f5        0x1 src/PLATFORM/DRIVER/DD_SPI/DD_SPI.o
                0x200709f5                SPI_CHIP_SEL
 .bss.data.8765
                0x200709f6        0x1 src/PLATFORM/DRIVER/DD_SPI/DD_SPI.o
 *fill*         0x200709f7        0x1 
 .bss.reg_value.8802
                0x200709f8        0x4 src/PLATFORM/DRIVER/DD_SPI/DD_SPI.o
 .bss.ul_reg_val.7380
                0x200709fc        0x4 src/ASF/sam/drivers/usart/usart.o
 .bss.gs_interrupt_sources
                0x20070a00       0x70 src/ASF/sam/drivers/pio/pio_handler.o
 .bss.heap.5287
                0x20070a70        0x4 src/ASF/sam/utils/syscalls/gcc/syscalls.o
 .bss.__malloc_max_total_mem
                0x20070a74        0x4 c:/program files (x86)/atmel/studio/7.0/toolchain/arm/arm-gnu-toolchain/bin/../lib/gcc/arm-none-eabi/5.3.1/../../../../arm-none-eabi/lib/armv7-m\libc.a(lib_a-mallocr.o)
                0x20070a74                __malloc_max_total_mem
 .bss.__malloc_max_sbrked_mem
                0x20070a78        0x4 c:/program files (x86)/atmel/studio/7.0/toolchain/arm/arm-gnu-toolchain/bin/../lib/gcc/arm-none-eabi/5.3.1/../../../../arm-none-eabi/lib/armv7-m\libc.a(lib_a-mallocr.o)
                0x20070a78                __malloc_max_sbrked_mem
 .bss.__malloc_top_pad
                0x20070a7c        0x4 c:/program files (x86)/atmel/studio/7.0/toolchain/arm/arm-gnu-toolchain/bin/../lib/gcc/arm-none-eabi/5.3.1/../../../../arm-none-eabi/lib/armv7-m\libc.a(lib_a-mallocr.o)
                0x20070a7c                __malloc_top_pad
 .bss.__malloc_current_mallinfo
                0x20070a80       0x28 c:/program files (x86)/atmel/studio/7.0/toolchain/arm/arm-gnu-toolchain/bin/../lib/gcc/arm-none-eabi/5.3.1/../../../../arm-none-eabi/lib/armv7-m\libc.a(lib_a-mallocr.o)
                0x20070a80                __malloc_current_mallinfo
 *(COMMON)
 COMMON         0x20070aa8        0x4 src/ASF/common/utils/stdio/read.o
                0x20070aa8                ptr_get
 COMMON         0x20070aac       0x30 src/PLATFORM/DRIVER/DD_CAN/DD_CAN.o
                0x20070aac                DD_CPU_COMMAND
                0x20070ab0                can0_mailbox
                0x20070ad0                group_id_reg
                0x20070ad4                can0_transceiver
 COMMON         0x20070adc        0x2 src/PLATFORM/DRIVER/DD_SPI/DD_SPI.o
                0x20070adc                spi_data
 *fill*         0x20070ade        0x2 
 COMMON         0x20070ae0       0x16 src/PLATFORM/DRIVER/DD_SYS/DD_SYS.o
                0x20070ae0                command_data_array
                0x20070af4                GAIN_FACTOR
 *fill*         0x20070af6        0x2 
 COMMON         0x20070af8        0x8 src/ASF/common/utils/stdio/write.o
                0x20070af8                ptr_put
                0x20070afc                stdio_base
 COMMON         0x20070b00       0x24 src/SENSOR_CPU.o
                0x20070b00                sensor_data
 COMMON         0x20070b24        0x4 c:/program files (x86)/atmel/studio/7.0/toolchain/arm/arm-gnu-toolchain/bin/../lib/gcc/arm-none-eabi/5.3.1/../../../../arm-none-eabi/lib/armv7-m\libc.a(lib_a-reent.o)
                0x20070b24                errno
                0x20070b28                . = ALIGN (0x4)
                0x20070b28                _ebss = .
                0x20070b28                _ezero = .

.stack          0x20070b28     0x2000 load address 0x000870a8
                0x20070b28                . = ALIGN (0x8)
                0x20070b28                _sstack = .
                0x20072b28                . = (. + __stack_size__)
 *fill*         0x20070b28     0x2000 
                0x20072b28                . = ALIGN (0x8)
                0x20072b28                _estack = .
                0x20072b28                . = ALIGN (0x4)
                0x20072b28                _end = .
OUTPUT(SENSOR_CPU_2.elf elf32-littlearm)

.ARM.attributes
                0x00000000       0x29
 .ARM.attributes
                0x00000000       0x1d c:/program files (x86)/atmel/studio/7.0/toolchain/arm/arm-gnu-toolchain/bin/../lib/gcc/arm-none-eabi/5.3.1/armv7-m/crti.o
 .ARM.attributes
                0x0000001d       0x2d c:/program files (x86)/atmel/studio/7.0/toolchain/arm/arm-gnu-toolchain/bin/../lib/gcc/arm-none-eabi/5.3.1/armv7-m/crtbegin.o
 .ARM.attributes
                0x0000004a       0x33 src/ASF/common/utils/stdio/read.o
 .ARM.attributes
                0x0000007d       0x33 src/PLATFORM/DRIVER/DD_CAN/DD_CAN.o
 .ARM.attributes
                0x000000b0       0x33 src/PLATFORM/DRIVER/DD_CLOCK/DD_CLOCK.o
 .ARM.attributes
                0x000000e3       0x33 src/PLATFORM/DRIVER/DD_CS1_TS/DD_CS1_TS.o
 .ARM.attributes
                0x00000116       0x33 src/PLATFORM/DRIVER/DD_CS2_TS/DD_CS2_TS.o
 .ARM.attributes
                0x00000149       0x33 src/PLATFORM/DRIVER/DD_CS3_TS/DD_CS3_TS.o
 .ARM.attributes
                0x0000017c       0x33 src/PLATFORM/DRIVER/DD_GPIO/DD_GPIO.o
 .ARM.attributes
                0x000001af       0x33 src/PLATFORM/DRIVER/DD_PS1/DD_PS1.o
 .ARM.attributes
                0x000001e2       0x33 src/PLATFORM/DRIVER/DD_PS2/DD_PS2.o
 .ARM.attributes
                0x00000215       0x33 src/PLATFORM/DRIVER/DD_PS3/DD_PS3.o
 .ARM.attributes
                0x00000248       0x33 src/PLATFORM/DRIVER/DD_SPI/DD_SPI.o
 .ARM.attributes
                0x0000027b       0x33 src/PLATFORM/DRIVER/DD_SYS/DD_SYS.o
 .ARM.attributes
                0x000002ae       0x33 src/PLATFORM/DRIVER/DD_TS1/DD_TS1.o
 .ARM.attributes
                0x000002e1       0x33 src/PLATFORM/DRIVER/DD_TS2/DD_TS2.o
 .ARM.attributes
                0x00000314       0x33 src/PLATFORM/DRIVER/DD_TS3/DD_TS3.o
 .ARM.attributes
                0x00000347       0x33 src/PLATFORM/SERVICE/SV_STATUS/SV_STATUS.o
 .ARM.attributes
                0x0000037a       0x33 src/PLATFORM/SERVICE/SV_SYS/SV_SYS.o
 .ARM.attributes
                0x000003ad       0x33 src/ASF/common/utils/stdio/write.o
 .ARM.attributes
                0x000003e0       0x33 src/ASF/sam/drivers/usart/usart.o
 .ARM.attributes
                0x00000413       0x33 src/ASF/sam/drivers/uart/uart.o
 .ARM.attributes
                0x00000446       0x33 src/PLATFORM/DRIVER/DD_CONSOLE/DD_COSOLE.o
 .ARM.attributes
                0x00000479       0x33 src/ASF/common/services/clock/sam3x/sysclk.o
 .ARM.attributes
                0x000004ac       0x33 src/ASF/sam/boards/arduino_due_x/init.o
 .ARM.attributes
                0x000004df       0x33 src/ASF/sam/drivers/pio/pio.o
 .ARM.attributes
                0x00000512       0x33 src/ASF/sam/drivers/pio/pio_handler.o
 .ARM.attributes
                0x00000545       0x33 src/ASF/sam/drivers/pmc/pmc.o
 .ARM.attributes
                0x00000578       0x33 src/ASF/sam/utils/cmsis/sam3x/source/templates/exceptions.o
 .ARM.attributes
                0x000005ab       0x33 src/ASF/sam/utils/cmsis/sam3x/source/templates/gcc/startup_sam3x.o
 .ARM.attributes
                0x000005de       0x33 src/ASF/sam/utils/cmsis/sam3x/source/templates/system_sam3x.o
 .ARM.attributes
                0x00000611       0x33 src/ASF/sam/utils/syscalls/gcc/syscalls.o
 .ARM.attributes
                0x00000644       0x33 src/SENSOR_CPU.o
 .ARM.attributes
                0x00000677       0x2d c:/program files (x86)/atmel/studio/7.0/toolchain/arm/arm-gnu-toolchain/bin/../lib/gcc/arm-none-eabi/5.3.1/../../../../arm-none-eabi/lib/armv7-m\libc.a(lib_a-impure.o)
 .ARM.attributes
                0x000006a4       0x2d c:/program files (x86)/atmel/studio/7.0/toolchain/arm/arm-gnu-toolchain/bin/../lib/gcc/arm-none-eabi/5.3.1/../../../../arm-none-eabi/lib/armv7-m\libc.a(lib_a-init.o)
 .ARM.attributes
                0x000006d1       0x2d c:/program files (x86)/atmel/studio/7.0/toolchain/arm/arm-gnu-toolchain/bin/../lib/gcc/arm-none-eabi/5.3.1/../../../../arm-none-eabi/lib/armv7-m\libc.a(lib_a-memset.o)
 .ARM.attributes
                0x000006fe       0x2d c:/program files (x86)/atmel/studio/7.0/toolchain/arm/arm-gnu-toolchain/bin/../lib/gcc/arm-none-eabi/5.3.1/../../../../arm-none-eabi/lib/armv7-m\libc.a(lib_a-puts.o)
 .ARM.attributes
                0x0000072b       0x2d c:/program files (x86)/atmel/studio/7.0/toolchain/arm/arm-gnu-toolchain/bin/../lib/gcc/arm-none-eabi/5.3.1/../../../../arm-none-eabi/lib/armv7-m\libc.a(lib_a-setbuf.o)
 .ARM.attributes
                0x00000758       0x2d c:/program files (x86)/atmel/studio/7.0/toolchain/arm/arm-gnu-toolchain/bin/../lib/gcc/arm-none-eabi/5.3.1/../../../../arm-none-eabi/lib/armv7-m\libc.a(lib_a-setvbuf.o)
 .ARM.attributes
                0x00000785       0x2d c:/program files (x86)/atmel/studio/7.0/toolchain/arm/arm-gnu-toolchain/bin/../lib/gcc/arm-none-eabi/5.3.1/../../../../arm-none-eabi/lib/armv7-m\libc.a(lib_a-strlen-stub.o)
 .ARM.attributes
                0x000007b2       0x2d c:/program files (x86)/atmel/studio/7.0/toolchain/arm/arm-gnu-toolchain/bin/../lib/gcc/arm-none-eabi/5.3.1/../../../../arm-none-eabi/lib/armv7-m\libc.a(lib_a-wsetup.o)
 .ARM.attributes
                0x000007df       0x2d c:/program files (x86)/atmel/studio/7.0/toolchain/arm/arm-gnu-toolchain/bin/../lib/gcc/arm-none-eabi/5.3.1/../../../../arm-none-eabi/lib/armv7-m\libc.a(lib_a-__call_atexit.o)
 .ARM.attributes
                0x0000080c       0x2d c:/program files (x86)/atmel/studio/7.0/toolchain/arm/arm-gnu-toolchain/bin/../lib/gcc/arm-none-eabi/5.3.1/../../../../arm-none-eabi/lib/armv7-m\libc.a(lib_a-atexit.o)
 .ARM.attributes
                0x00000839       0x2d c:/program files (x86)/atmel/studio/7.0/toolchain/arm/arm-gnu-toolchain/bin/../lib/gcc/arm-none-eabi/5.3.1/../../../../arm-none-eabi/lib/armv7-m\libc.a(lib_a-fflush.o)
 .ARM.attributes
                0x00000866       0x2d c:/program files (x86)/atmel/studio/7.0/toolchain/arm/arm-gnu-toolchain/bin/../lib/gcc/arm-none-eabi/5.3.1/../../../../arm-none-eabi/lib/armv7-m\libc.a(lib_a-findfp.o)
 .ARM.attributes
                0x00000893       0x2d c:/program files (x86)/atmel/studio/7.0/toolchain/arm/arm-gnu-toolchain/bin/../lib/gcc/arm-none-eabi/5.3.1/../../../../arm-none-eabi/lib/armv7-m\libc.a(lib_a-fini.o)
 .ARM.attributes
                0x000008c0       0x2d c:/program files (x86)/atmel/studio/7.0/toolchain/arm/arm-gnu-toolchain/bin/../lib/gcc/arm-none-eabi/5.3.1/../../../../arm-none-eabi/lib/armv7-m\libc.a(lib_a-freer.o)
 .ARM.attributes
                0x000008ed       0x2d c:/program files (x86)/atmel/studio/7.0/toolchain/arm/arm-gnu-toolchain/bin/../lib/gcc/arm-none-eabi/5.3.1/../../../../arm-none-eabi/lib/armv7-m\libc.a(lib_a-fvwrite.o)
 .ARM.attributes
                0x0000091a       0x2d c:/program files (x86)/atmel/studio/7.0/toolchain/arm/arm-gnu-toolchain/bin/../lib/gcc/arm-none-eabi/5.3.1/../../../../arm-none-eabi/lib/armv7-m\libc.a(lib_a-fwalk.o)
 .ARM.attributes
                0x00000947       0x2d c:/program files (x86)/atmel/studio/7.0/toolchain/arm/arm-gnu-toolchain/bin/../lib/gcc/arm-none-eabi/5.3.1/../../../../arm-none-eabi/lib/armv7-m\libc.a(lib_a-makebuf.o)
 .ARM.attributes
                0x00000974       0x2d c:/program files (x86)/atmel/studio/7.0/toolchain/arm/arm-gnu-toolchain/bin/../lib/gcc/arm-none-eabi/5.3.1/../../../../arm-none-eabi/lib/armv7-m\libc.a(lib_a-malloc.o)
 .ARM.attributes
                0x000009a1       0x2d c:/program files (x86)/atmel/studio/7.0/toolchain/arm/arm-gnu-toolchain/bin/../lib/gcc/arm-none-eabi/5.3.1/../../../../arm-none-eabi/lib/armv7-m\libc.a(lib_a-mallocr.o)
 .ARM.attributes
                0x000009ce       0x2d c:/program files (x86)/atmel/studio/7.0/toolchain/arm/arm-gnu-toolchain/bin/../lib/gcc/arm-none-eabi/5.3.1/../../../../arm-none-eabi/lib/armv7-m\libc.a(lib_a-memchr-stub.o)
 .ARM.attributes
                0x000009fb       0x1b c:/program files (x86)/atmel/studio/7.0/toolchain/arm/arm-gnu-toolchain/bin/../lib/gcc/arm-none-eabi/5.3.1/../../../../arm-none-eabi/lib/armv7-m\libc.a(lib_a-memcpy.o)
 .ARM.attributes
                0x00000a16       0x2d c:/program files (x86)/atmel/studio/7.0/toolchain/arm/arm-gnu-toolchain/bin/../lib/gcc/arm-none-eabi/5.3.1/../../../../arm-none-eabi/lib/armv7-m\libc.a(lib_a-memmove.o)
 .ARM.attributes
                0x00000a43       0x2d c:/program files (x86)/atmel/studio/7.0/toolchain/arm/arm-gnu-toolchain/bin/../lib/gcc/arm-none-eabi/5.3.1/../../../../arm-none-eabi/lib/armv7-m\libc.a(lib_a-mlock.o)
 .ARM.attributes
                0x00000a70       0x2d c:/program files (x86)/atmel/studio/7.0/toolchain/arm/arm-gnu-toolchain/bin/../lib/gcc/arm-none-eabi/5.3.1/../../../../arm-none-eabi/lib/armv7-m\libc.a(lib_a-reallocr.o)
 .ARM.attributes
                0x00000a9d       0x2d c:/program files (x86)/atmel/studio/7.0/toolchain/arm/arm-gnu-toolchain/bin/../lib/gcc/arm-none-eabi/5.3.1/../../../../arm-none-eabi/lib/armv7-m\libc.a(lib_a-sbrkr.o)
 .ARM.attributes
                0x00000aca       0x2d c:/program files (x86)/atmel/studio/7.0/toolchain/arm/arm-gnu-toolchain/bin/../lib/gcc/arm-none-eabi/5.3.1/../../../../arm-none-eabi/lib/armv7-m\libc.a(lib_a-stdio.o)
 .ARM.attributes
                0x00000af7       0x2d c:/program files (x86)/atmel/studio/7.0/toolchain/arm/arm-gnu-toolchain/bin/../lib/gcc/arm-none-eabi/5.3.1/../../../../arm-none-eabi/lib/armv7-m\libc.a(lib_a-writer.o)
 .ARM.attributes
                0x00000b24       0x2d c:/program files (x86)/atmel/studio/7.0/toolchain/arm/arm-gnu-toolchain/bin/../lib/gcc/arm-none-eabi/5.3.1/../../../../arm-none-eabi/lib/armv7-m\libc.a(lib_a-__atexit.o)
 .ARM.attributes
                0x00000b51       0x2d c:/program files (x86)/atmel/studio/7.0/toolchain/arm/arm-gnu-toolchain/bin/../lib/gcc/arm-none-eabi/5.3.1/../../../../arm-none-eabi/lib/armv7-m\libc.a(lib_a-closer.o)
 .ARM.attributes
                0x00000b7e       0x2d c:/program files (x86)/atmel/studio/7.0/toolchain/arm/arm-gnu-toolchain/bin/../lib/gcc/arm-none-eabi/5.3.1/../../../../arm-none-eabi/lib/armv7-m\libc.a(lib_a-fclose.o)
 .ARM.attributes
                0x00000bab       0x2d c:/program files (x86)/atmel/studio/7.0/toolchain/arm/arm-gnu-toolchain/bin/../lib/gcc/arm-none-eabi/5.3.1/../../../../arm-none-eabi/lib/armv7-m\libc.a(lib_a-fstatr.o)
 .ARM.attributes
                0x00000bd8       0x2d c:/program files (x86)/atmel/studio/7.0/toolchain/arm/arm-gnu-toolchain/bin/../lib/gcc/arm-none-eabi/5.3.1/../../../../arm-none-eabi/lib/armv7-m\libc.a(lib_a-isattyr.o)
 .ARM.attributes
                0x00000c05       0x2d c:/program files (x86)/atmel/studio/7.0/toolchain/arm/arm-gnu-toolchain/bin/../lib/gcc/arm-none-eabi/5.3.1/../../../../arm-none-eabi/lib/armv7-m\libc.a(lib_a-lseekr.o)
 .ARM.attributes
                0x00000c32       0x2d c:/program files (x86)/atmel/studio/7.0/toolchain/arm/arm-gnu-toolchain/bin/../lib/gcc/arm-none-eabi/5.3.1/../../../../arm-none-eabi/lib/armv7-m\libc.a(lib_a-readr.o)
 .ARM.attributes
                0x00000c5f       0x2d c:/program files (x86)/atmel/studio/7.0/toolchain/arm/arm-gnu-toolchain/bin/../lib/gcc/arm-none-eabi/5.3.1/../../../../arm-none-eabi/lib/armv7-m\libc.a(lib_a-reent.o)
 .ARM.attributes
                0x00000c8c       0x1d c:/program files (x86)/atmel/studio/7.0/toolchain/arm/arm-gnu-toolchain/bin/../lib/gcc/arm-none-eabi/5.3.1/armv7-m/crtn.o

.comment        0x00000000       0x59
 .comment       0x00000000       0x59 src/ASF/common/utils/stdio/read.o
                                 0x5a (size before relaxing)
 .comment       0x00000059       0x5a src/PLATFORM/DRIVER/DD_CAN/DD_CAN.o
 .comment       0x00000059       0x5a src/PLATFORM/DRIVER/DD_CLOCK/DD_CLOCK.o
 .comment       0x00000059       0x5a src/PLATFORM/DRIVER/DD_CS1_TS/DD_CS1_TS.o
 .comment       0x00000059       0x5a src/PLATFORM/DRIVER/DD_CS2_TS/DD_CS2_TS.o
 .comment       0x00000059       0x5a src/PLATFORM/DRIVER/DD_CS3_TS/DD_CS3_TS.o
 .comment       0x00000059       0x5a src/PLATFORM/DRIVER/DD_GPIO/DD_GPIO.o
 .comment       0x00000059       0x5a src/PLATFORM/DRIVER/DD_PS1/DD_PS1.o
 .comment       0x00000059       0x5a src/PLATFORM/DRIVER/DD_PS2/DD_PS2.o
 .comment       0x00000059       0x5a src/PLATFORM/DRIVER/DD_PS3/DD_PS3.o
 .comment       0x00000059       0x5a src/PLATFORM/DRIVER/DD_SPI/DD_SPI.o
 .comment       0x00000059       0x5a src/PLATFORM/DRIVER/DD_SYS/DD_SYS.o
 .comment       0x00000059       0x5a src/PLATFORM/DRIVER/DD_TS1/DD_TS1.o
 .comment       0x00000059       0x5a src/PLATFORM/DRIVER/DD_TS2/DD_TS2.o
 .comment       0x00000059       0x5a src/PLATFORM/DRIVER/DD_TS3/DD_TS3.o
 .comment       0x00000059       0x5a src/PLATFORM/SERVICE/SV_STATUS/SV_STATUS.o
 .comment       0x00000059       0x5a src/PLATFORM/SERVICE/SV_SYS/SV_SYS.o
 .comment       0x00000059       0x5a src/ASF/common/utils/stdio/write.o
 .comment       0x00000059       0x5a src/ASF/sam/drivers/usart/usart.o
 .comment       0x00000059       0x5a src/ASF/sam/drivers/uart/uart.o
 .comment       0x00000059       0x5a src/PLATFORM/DRIVER/DD_CONSOLE/DD_COSOLE.o
 .comment       0x00000059       0x5a src/ASF/common/services/clock/sam3x/sysclk.o
 .comment       0x00000059       0x5a src/ASF/sam/boards/arduino_due_x/init.o
 .comment       0x00000059       0x5a src/ASF/sam/drivers/pio/pio.o
 .comment       0x00000059       0x5a src/ASF/sam/drivers/pio/pio_handler.o
 .comment       0x00000059       0x5a src/ASF/sam/drivers/pmc/pmc.o
 .comment       0x00000059       0x5a src/ASF/sam/utils/cmsis/sam3x/source/templates/exceptions.o
 .comment       0x00000059       0x5a src/ASF/sam/utils/cmsis/sam3x/source/templates/gcc/startup_sam3x.o
 .comment       0x00000059       0x5a src/ASF/sam/utils/cmsis/sam3x/source/templates/system_sam3x.o
 .comment       0x00000059       0x5a src/ASF/sam/utils/syscalls/gcc/syscalls.o
 .comment       0x00000059       0x5a src/SENSOR_CPU.o

.debug_info     0x00000000    0x1696a
 .debug_info    0x00000000      0x1ae src/ASF/common/utils/stdio/read.o
 .debug_info    0x000001ae     0x1816 src/PLATFORM/DRIVER/DD_CAN/DD_CAN.o
 .debug_info    0x000019c4      0xd27 src/PLATFORM/DRIVER/DD_CLOCK/DD_CLOCK.o
 .debug_info    0x000026eb      0xb1e src/PLATFORM/DRIVER/DD_CS1_TS/DD_CS1_TS.o
 .debug_info    0x00003209      0xb1e src/PLATFORM/DRIVER/DD_CS2_TS/DD_CS2_TS.o
 .debug_info    0x00003d27      0xb1e src/PLATFORM/DRIVER/DD_CS3_TS/DD_CS3_TS.o
 .debug_info    0x00004845     0x126a src/PLATFORM/DRIVER/DD_GPIO/DD_GPIO.o
 .debug_info    0x00005aaf      0xc69 src/PLATFORM/DRIVER/DD_PS1/DD_PS1.o
 .debug_info    0x00006718      0xc69 src/PLATFORM/DRIVER/DD_PS2/DD_PS2.o
 .debug_info    0x00007381      0xc69 src/PLATFORM/DRIVER/DD_PS3/DD_PS3.o
 .debug_info    0x00007fea     0x1160 src/PLATFORM/DRIVER/DD_SPI/DD_SPI.o
 .debug_info    0x0000914a     0x15f6 src/PLATFORM/DRIVER/DD_SYS/DD_SYS.o
 .debug_info    0x0000a740      0xb1e src/PLATFORM/DRIVER/DD_TS1/DD_TS1.o
 .debug_info    0x0000b25e      0xb1e src/PLATFORM/DRIVER/DD_TS2/DD_TS2.o
 .debug_info    0x0000bd7c      0xb56 src/PLATFORM/DRIVER/DD_TS3/DD_TS3.o
 .debug_info    0x0000c8d2      0xf02 src/PLATFORM/SERVICE/SV_STATUS/SV_STATUS.o
 .debug_info    0x0000d7d4      0xa5a src/PLATFORM/SERVICE/SV_SYS/SV_SYS.o
 .debug_info    0x0000e22e      0x1bc src/ASF/common/utils/stdio/write.o
 .debug_info    0x0000e3ea     0x18ab src/ASF/sam/drivers/usart/usart.o
 .debug_info    0x0000fc95      0x8a6 src/ASF/sam/drivers/uart/uart.o
 .debug_info    0x0001053b     0x11aa src/PLATFORM/DRIVER/DD_CONSOLE/DD_COSOLE.o
 .debug_info    0x000116e5      0x6bf src/ASF/common/services/clock/sam3x/sysclk.o
 .debug_info    0x00011da4      0x5ec src/ASF/sam/boards/arduino_due_x/init.o
 .debug_info    0x00012390      0xed2 src/ASF/sam/drivers/pio/pio.o
 .debug_info    0x00013262      0xcc0 src/ASF/sam/drivers/pio/pio_handler.o
 .debug_info    0x00013f22     0x108d src/ASF/sam/drivers/pmc/pmc.o
 .debug_info    0x00014faf      0x125 src/ASF/sam/utils/cmsis/sam3x/source/templates/exceptions.o
 .debug_info    0x000150d4      0x3c6 src/ASF/sam/utils/cmsis/sam3x/source/templates/gcc/startup_sam3x.o
 .debug_info    0x0001549a      0x4ca src/ASF/sam/utils/cmsis/sam3x/source/templates/system_sam3x.o
 .debug_info    0x00015964      0x435 src/ASF/sam/utils/syscalls/gcc/syscalls.o
 .debug_info    0x00015d99      0xbd1 src/SENSOR_CPU.o

.debug_abbrev   0x00000000     0x36cb
 .debug_abbrev  0x00000000       0xdd src/ASF/common/utils/stdio/read.o
 .debug_abbrev  0x000000dd      0x2f6 src/PLATFORM/DRIVER/DD_CAN/DD_CAN.o
 .debug_abbrev  0x000003d3      0x1e5 src/PLATFORM/DRIVER/DD_CLOCK/DD_CLOCK.o
 .debug_abbrev  0x000005b8      0x1c3 src/PLATFORM/DRIVER/DD_CS1_TS/DD_CS1_TS.o
 .debug_abbrev  0x0000077b      0x1c3 src/PLATFORM/DRIVER/DD_CS2_TS/DD_CS2_TS.o
 .debug_abbrev  0x0000093e      0x1c3 src/PLATFORM/DRIVER/DD_CS3_TS/DD_CS3_TS.o
 .debug_abbrev  0x00000b01      0x1ff src/PLATFORM/DRIVER/DD_GPIO/DD_GPIO.o
 .debug_abbrev  0x00000d00      0x1ce src/PLATFORM/DRIVER/DD_PS1/DD_PS1.o
 .debug_abbrev  0x00000ece      0x1ce src/PLATFORM/DRIVER/DD_PS2/DD_PS2.o
 .debug_abbrev  0x0000109c      0x1ce src/PLATFORM/DRIVER/DD_PS3/DD_PS3.o
 .debug_abbrev  0x0000126a      0x2dc src/PLATFORM/DRIVER/DD_SPI/DD_SPI.o
 .debug_abbrev  0x00001546      0x27d src/PLATFORM/DRIVER/DD_SYS/DD_SYS.o
 .debug_abbrev  0x000017c3      0x1c3 src/PLATFORM/DRIVER/DD_TS1/DD_TS1.o
 .debug_abbrev  0x00001986      0x1c3 src/PLATFORM/DRIVER/DD_TS2/DD_TS2.o
 .debug_abbrev  0x00001b49      0x1ce src/PLATFORM/DRIVER/DD_TS3/DD_TS3.o
 .debug_abbrev  0x00001d17      0x21d src/PLATFORM/SERVICE/SV_STATUS/SV_STATUS.o
 .debug_abbrev  0x00001f34      0x1a0 src/PLATFORM/SERVICE/SV_SYS/SV_SYS.o
 .debug_abbrev  0x000020d4       0xe6 src/ASF/common/utils/stdio/write.o
 .debug_abbrev  0x000021ba      0x21d src/ASF/sam/drivers/usart/usart.o
 .debug_abbrev  0x000023d7      0x183 src/ASF/sam/drivers/uart/uart.o
 .debug_abbrev  0x0000255a      0x2e0 src/PLATFORM/DRIVER/DD_CONSOLE/DD_COSOLE.o
 .debug_abbrev  0x0000283a      0x1dd src/ASF/common/services/clock/sam3x/sysclk.o
 .debug_abbrev  0x00002a17      0x14e src/ASF/sam/boards/arduino_due_x/init.o
 .debug_abbrev  0x00002b65      0x1b1 src/ASF/sam/drivers/pio/pio.o
 .debug_abbrev  0x00002d16      0x21a src/ASF/sam/drivers/pio/pio_handler.o
 .debug_abbrev  0x00002f30      0x20d src/ASF/sam/drivers/pmc/pmc.o
 .debug_abbrev  0x0000313d       0x8c src/ASF/sam/utils/cmsis/sam3x/source/templates/exceptions.o
 .debug_abbrev  0x000031c9      0x100 src/ASF/sam/utils/cmsis/sam3x/source/templates/gcc/startup_sam3x.o
 .debug_abbrev  0x000032c9      0x115 src/ASF/sam/utils/cmsis/sam3x/source/templates/system_sam3x.o
 .debug_abbrev  0x000033de      0x120 src/ASF/sam/utils/syscalls/gcc/syscalls.o
 .debug_abbrev  0x000034fe      0x1cd src/SENSOR_CPU.o

.debug_loc      0x00000000     0x734e
 .debug_loc     0x00000000       0x50 src/ASF/common/utils/stdio/read.o
 .debug_loc     0x00000050      0x326 src/PLATFORM/DRIVER/DD_CAN/DD_CAN.o
 .debug_loc     0x00000376       0x88 src/PLATFORM/DRIVER/DD_CLOCK/DD_CLOCK.o
 .debug_loc     0x000003fe       0x50 src/PLATFORM/DRIVER/DD_CS1_TS/DD_CS1_TS.o
 .debug_loc     0x0000044e       0x50 src/PLATFORM/DRIVER/DD_CS2_TS/DD_CS2_TS.o
 .debug_loc     0x0000049e       0x50 src/PLATFORM/DRIVER/DD_CS3_TS/DD_CS3_TS.o
 .debug_loc     0x000004ee      0x66c src/PLATFORM/DRIVER/DD_GPIO/DD_GPIO.o
 .debug_loc     0x00000b5a       0x50 src/PLATFORM/DRIVER/DD_PS1/DD_PS1.o
 .debug_loc     0x00000baa       0x50 src/PLATFORM/DRIVER/DD_PS2/DD_PS2.o
 .debug_loc     0x00000bfa       0x50 src/PLATFORM/DRIVER/DD_PS3/DD_PS3.o
 .debug_loc     0x00000c4a      0x5c4 src/PLATFORM/DRIVER/DD_SPI/DD_SPI.o
 .debug_loc     0x0000120e      0x57a src/PLATFORM/DRIVER/DD_SYS/DD_SYS.o
 .debug_loc     0x00001788       0x50 src/PLATFORM/DRIVER/DD_TS1/DD_TS1.o
 .debug_loc     0x000017d8       0x50 src/PLATFORM/DRIVER/DD_TS2/DD_TS2.o
 .debug_loc     0x00001828       0x50 src/PLATFORM/DRIVER/DD_TS3/DD_TS3.o
 .debug_loc     0x00001878       0xf2 src/PLATFORM/SERVICE/SV_STATUS/SV_STATUS.o
 .debug_loc     0x0000196a       0x2c src/PLATFORM/SERVICE/SV_SYS/SV_SYS.o
 .debug_loc     0x00001996       0x50 src/ASF/common/utils/stdio/write.o
 .debug_loc     0x000019e6     0x1e9c src/ASF/sam/drivers/usart/usart.o
 .debug_loc     0x00003882      0x958 src/ASF/sam/drivers/uart/uart.o
 .debug_loc     0x000041da      0x340 src/PLATFORM/DRIVER/DD_CONSOLE/DD_COSOLE.o
 .debug_loc     0x0000451a      0x4a0 src/ASF/common/services/clock/sam3x/sysclk.o
 .debug_loc     0x000049ba       0xa8 src/ASF/sam/boards/arduino_due_x/init.o
 .debug_loc     0x00004a62      0xd24 src/ASF/sam/drivers/pio/pio.o
 .debug_loc     0x00005786      0x360 src/ASF/sam/drivers/pio/pio_handler.o
 .debug_loc     0x00005ae6     0x13e8 src/ASF/sam/drivers/pmc/pmc.o
 .debug_loc     0x00006ece       0x2c src/ASF/sam/utils/cmsis/sam3x/source/templates/exceptions.o
 .debug_loc     0x00006efa       0x38 src/ASF/sam/utils/cmsis/sam3x/source/templates/gcc/startup_sam3x.o
 .debug_loc     0x00006f32       0xe4 src/ASF/sam/utils/cmsis/sam3x/source/templates/system_sam3x.o
 .debug_loc     0x00007016      0x300 src/ASF/sam/utils/syscalls/gcc/syscalls.o
 .debug_loc     0x00007316       0x38 src/SENSOR_CPU.o

.debug_aranges  0x00000000      0xe08
 .debug_aranges
                0x00000000       0x20 src/ASF/common/utils/stdio/read.o
 .debug_aranges
                0x00000020       0x60 src/PLATFORM/DRIVER/DD_CAN/DD_CAN.o
 .debug_aranges
                0x00000080       0x28 src/PLATFORM/DRIVER/DD_CLOCK/DD_CLOCK.o
 .debug_aranges
                0x000000a8       0x20 src/PLATFORM/DRIVER/DD_CS1_TS/DD_CS1_TS.o
 .debug_aranges
                0x000000c8       0x20 src/PLATFORM/DRIVER/DD_CS2_TS/DD_CS2_TS.o
 .debug_aranges
                0x000000e8       0x20 src/PLATFORM/DRIVER/DD_CS3_TS/DD_CS3_TS.o
 .debug_aranges
                0x00000108       0xc0 src/PLATFORM/DRIVER/DD_GPIO/DD_GPIO.o
 .debug_aranges
                0x000001c8       0x20 src/PLATFORM/DRIVER/DD_PS1/DD_PS1.o
 .debug_aranges
                0x000001e8       0x20 src/PLATFORM/DRIVER/DD_PS2/DD_PS2.o
 .debug_aranges
                0x00000208       0x20 src/PLATFORM/DRIVER/DD_PS3/DD_PS3.o
 .debug_aranges
                0x00000228       0xa8 src/PLATFORM/DRIVER/DD_SPI/DD_SPI.o
 .debug_aranges
                0x000002d0       0xc8 src/PLATFORM/DRIVER/DD_SYS/DD_SYS.o
 .debug_aranges
                0x00000398       0x20 src/PLATFORM/DRIVER/DD_TS1/DD_TS1.o
 .debug_aranges
                0x000003b8       0x20 src/PLATFORM/DRIVER/DD_TS2/DD_TS2.o
 .debug_aranges
                0x000003d8       0x20 src/PLATFORM/DRIVER/DD_TS3/DD_TS3.o
 .debug_aranges
                0x000003f8       0x30 src/PLATFORM/SERVICE/SV_STATUS/SV_STATUS.o
 .debug_aranges
                0x00000428       0x20 src/PLATFORM/SERVICE/SV_SYS/SV_SYS.o
 .debug_aranges
                0x00000448       0x20 src/ASF/common/utils/stdio/write.o
 .debug_aranges
                0x00000468      0x2d0 src/ASF/sam/drivers/usart/usart.o
 .debug_aranges
                0x00000738       0xe8 src/ASF/sam/drivers/uart/uart.o
 .debug_aranges
                0x00000820       0x70 src/PLATFORM/DRIVER/DD_CONSOLE/DD_COSOLE.o
 .debug_aranges
                0x00000890       0x98 src/ASF/common/services/clock/sam3x/sysclk.o
 .debug_aranges
                0x00000928       0x30 src/ASF/sam/boards/arduino_due_x/init.o
 .debug_aranges
                0x00000958      0x148 src/ASF/sam/drivers/pio/pio.o
 .debug_aranges
                0x00000aa0       0x78 src/ASF/sam/drivers/pio/pio_handler.o
 .debug_aranges
                0x00000b18      0x200 src/ASF/sam/drivers/pmc/pmc.o
 .debug_aranges
                0x00000d18       0x20 src/ASF/sam/utils/cmsis/sam3x/source/templates/exceptions.o
 .debug_aranges
                0x00000d38       0x20 src/ASF/sam/utils/cmsis/sam3x/source/templates/gcc/startup_sam3x.o
 .debug_aranges
                0x00000d58       0x30 src/ASF/sam/utils/cmsis/sam3x/source/templates/system_sam3x.o
 .debug_aranges
                0x00000d88       0x60 src/ASF/sam/utils/syscalls/gcc/syscalls.o
 .debug_aranges
                0x00000de8       0x20 src/SENSOR_CPU.o

.debug_ranges   0x00000000      0xc18
 .debug_ranges  0x00000000       0x10 src/ASF/common/utils/stdio/read.o
 .debug_ranges  0x00000010       0x50 src/PLATFORM/DRIVER/DD_CAN/DD_CAN.o
 .debug_ranges  0x00000060       0x18 src/PLATFORM/DRIVER/DD_CLOCK/DD_CLOCK.o
 .debug_ranges  0x00000078       0x10 src/PLATFORM/DRIVER/DD_CS1_TS/DD_CS1_TS.o
 .debug_ranges  0x00000088       0x10 src/PLATFORM/DRIVER/DD_CS2_TS/DD_CS2_TS.o
 .debug_ranges  0x00000098       0x10 src/PLATFORM/DRIVER/DD_CS3_TS/DD_CS3_TS.o
 .debug_ranges  0x000000a8       0xb0 src/PLATFORM/DRIVER/DD_GPIO/DD_GPIO.o
 .debug_ranges  0x00000158       0x10 src/PLATFORM/DRIVER/DD_PS1/DD_PS1.o
 .debug_ranges  0x00000168       0x10 src/PLATFORM/DRIVER/DD_PS2/DD_PS2.o
 .debug_ranges  0x00000178       0x10 src/PLATFORM/DRIVER/DD_PS3/DD_PS3.o
 .debug_ranges  0x00000188       0x98 src/PLATFORM/DRIVER/DD_SPI/DD_SPI.o
 .debug_ranges  0x00000220       0xb8 src/PLATFORM/DRIVER/DD_SYS/DD_SYS.o
 .debug_ranges  0x000002d8       0x10 src/PLATFORM/DRIVER/DD_TS1/DD_TS1.o
 .debug_ranges  0x000002e8       0x10 src/PLATFORM/DRIVER/DD_TS2/DD_TS2.o
 .debug_ranges  0x000002f8       0x10 src/PLATFORM/DRIVER/DD_TS3/DD_TS3.o
 .debug_ranges  0x00000308       0x20 src/PLATFORM/SERVICE/SV_STATUS/SV_STATUS.o
 .debug_ranges  0x00000328       0x10 src/PLATFORM/SERVICE/SV_SYS/SV_SYS.o
 .debug_ranges  0x00000338       0x10 src/ASF/common/utils/stdio/write.o
 .debug_ranges  0x00000348      0x2c0 src/ASF/sam/drivers/usart/usart.o
 .debug_ranges  0x00000608       0xd8 src/ASF/sam/drivers/uart/uart.o
 .debug_ranges  0x000006e0       0x60 src/PLATFORM/DRIVER/DD_CONSOLE/DD_COSOLE.o
 .debug_ranges  0x00000740       0x88 src/ASF/common/services/clock/sam3x/sysclk.o
 .debug_ranges  0x000007c8       0x20 src/ASF/sam/boards/arduino_due_x/init.o
 .debug_ranges  0x000007e8      0x138 src/ASF/sam/drivers/pio/pio.o
 .debug_ranges  0x00000920       0x68 src/ASF/sam/drivers/pio/pio_handler.o
 .debug_ranges  0x00000988      0x1f0 src/ASF/sam/drivers/pmc/pmc.o
 .debug_ranges  0x00000b78       0x10 src/ASF/sam/utils/cmsis/sam3x/source/templates/exceptions.o
 .debug_ranges  0x00000b88       0x10 src/ASF/sam/utils/cmsis/sam3x/source/templates/gcc/startup_sam3x.o
 .debug_ranges  0x00000b98       0x20 src/ASF/sam/utils/cmsis/sam3x/source/templates/system_sam3x.o
 .debug_ranges  0x00000bb8       0x50 src/ASF/sam/utils/syscalls/gcc/syscalls.o
 .debug_ranges  0x00000c08       0x10 src/SENSOR_CPU.o

.debug_macro    0x00000000    0x1f93a
 .debug_macro   0x00000000      0x525 src/ASF/common/utils/stdio/read.o
 .debug_macro   0x00000525      0x892 src/ASF/common/utils/stdio/read.o
 .debug_macro   0x00000db7      0x16d src/ASF/common/utils/stdio/read.o
 .debug_macro   0x00000f24      0x644 src/ASF/common/utils/stdio/read.o
 .debug_macro   0x00001568       0x76 src/ASF/common/utils/stdio/read.o
 .debug_macro   0x000015de       0x16 src/ASF/common/utils/stdio/read.o
 .debug_macro   0x000015f4      0x6e4 src/ASF/common/utils/stdio/read.o
 .debug_macro   0x00001cd8       0x22 src/ASF/common/utils/stdio/read.o
 .debug_macro   0x00001cfa       0x87 src/ASF/common/utils/stdio/read.o
 .debug_macro   0x00001d81       0x44 src/ASF/common/utils/stdio/read.o
 .debug_macro   0x00001dc5       0xfd src/ASF/common/utils/stdio/read.o
 .debug_macro   0x00001ec2       0x22 src/ASF/common/utils/stdio/read.o
 .debug_macro   0x00001ee4      0x1df src/ASF/common/utils/stdio/read.o
 .debug_macro   0x000020c3       0x20 src/ASF/common/utils/stdio/read.o
 .debug_macro   0x000020e3       0x3a src/ASF/common/utils/stdio/read.o
 .debug_macro   0x0000211d       0x2d src/ASF/common/utils/stdio/read.o
 .debug_macro   0x0000214a      0xbb1 src/ASF/common/utils/stdio/read.o
 .debug_macro   0x00002cfb      0xab6 src/ASF/common/utils/stdio/read.o
 .debug_macro   0x000037b1      0x569 src/ASF/common/utils/stdio/read.o
 .debug_macro   0x00003d1a      0x2b5 src/ASF/common/utils/stdio/read.o
 .debug_macro   0x00003fcf      0x31a src/ASF/common/utils/stdio/read.o
 .debug_macro   0x000042e9      0x74f src/ASF/common/utils/stdio/read.o
 .debug_macro   0x00004a38       0x82 src/ASF/common/utils/stdio/read.o
 .debug_macro   0x00004aba      0x57b src/ASF/common/utils/stdio/read.o
 .debug_macro   0x00005035       0x1c src/ASF/common/utils/stdio/read.o
 .debug_macro   0x00005051      0x6b7 src/ASF/common/utils/stdio/read.o
 .debug_macro   0x00005708      0x52d src/ASF/common/utils/stdio/read.o
 .debug_macro   0x00005c35       0xbe src/ASF/common/utils/stdio/read.o
 .debug_macro   0x00005cf3     0x2342 src/ASF/common/utils/stdio/read.o
 .debug_macro   0x00008035      0x85d src/ASF/common/utils/stdio/read.o
 .debug_macro   0x00008892      0xdc9 src/ASF/common/utils/stdio/read.o
 .debug_macro   0x0000965b       0x7c src/ASF/common/utils/stdio/read.o
 .debug_macro   0x000096d7      0x263 src/ASF/common/utils/stdio/read.o
 .debug_macro   0x0000993a       0x58 src/ASF/common/utils/stdio/read.o
 .debug_macro   0x00009992      0x9a7 src/ASF/common/utils/stdio/read.o
 .debug_macro   0x0000a339      0x248 src/ASF/common/utils/stdio/read.o
 .debug_macro   0x0000a581      0x4df src/ASF/common/utils/stdio/read.o
 .debug_macro   0x0000aa60      0x6b3 src/ASF/common/utils/stdio/read.o
 .debug_macro   0x0000b113      0x59f src/ASF/common/utils/stdio/read.o
 .debug_macro   0x0000b6b2       0x46 src/ASF/common/utils/stdio/read.o
 .debug_macro   0x0000b6f8      0x34d src/ASF/common/utils/stdio/read.o
 .debug_macro   0x0000ba45      0x28c src/ASF/common/utils/stdio/read.o
 .debug_macro   0x0000bcd1     0x14d7 src/ASF/common/utils/stdio/read.o
 .debug_macro   0x0000d1a8      0x7ba src/ASF/common/utils/stdio/read.o
 .debug_macro   0x0000d962       0x76 src/ASF/common/utils/stdio/read.o
 .debug_macro   0x0000d9d8       0x82 src/ASF/common/utils/stdio/read.o
 .debug_macro   0x0000da5a       0x76 src/ASF/common/utils/stdio/read.o
 .debug_macro   0x0000dad0       0x4c src/ASF/common/utils/stdio/read.o
 .debug_macro   0x0000db1c      0x105 src/ASF/common/utils/stdio/read.o
 .debug_macro   0x0000dc21      0x105 src/ASF/common/utils/stdio/read.o
 .debug_macro   0x0000dd26      0x105 src/ASF/common/utils/stdio/read.o
 .debug_macro   0x0000de2b       0x88 src/ASF/common/utils/stdio/read.o
 .debug_macro   0x0000deb3       0x88 src/ASF/common/utils/stdio/read.o
 .debug_macro   0x0000df3b      0x3b4 src/ASF/common/utils/stdio/read.o
 .debug_macro   0x0000e2ef       0xb8 src/ASF/common/utils/stdio/read.o
 .debug_macro   0x0000e3a7       0xb8 src/ASF/common/utils/stdio/read.o
 .debug_macro   0x0000e45f       0xb8 src/ASF/common/utils/stdio/read.o
 .debug_macro   0x0000e517       0xb8 src/ASF/common/utils/stdio/read.o
 .debug_macro   0x0000e5cf      0x2b8 src/ASF/common/utils/stdio/read.o
 .debug_macro   0x0000e887      0x125 src/ASF/common/utils/stdio/read.o
 .debug_macro   0x0000e9ac      0x225 src/ASF/common/utils/stdio/read.o
 .debug_macro   0x0000ebd1      0x225 src/ASF/common/utils/stdio/read.o
 .debug_macro   0x0000edf6       0x2e src/ASF/common/utils/stdio/read.o
 .debug_macro   0x0000ee24       0xac src/ASF/common/utils/stdio/read.o
 .debug_macro   0x0000eed0      0x14d src/ASF/common/utils/stdio/read.o
 .debug_macro   0x0000f01d       0x7c src/ASF/common/utils/stdio/read.o
 .debug_macro   0x0000f099      0x205 src/ASF/common/utils/stdio/read.o
 .debug_macro   0x0000f29e       0x64 src/ASF/common/utils/stdio/read.o
 .debug_macro   0x0000f302       0xa6 src/ASF/common/utils/stdio/read.o
 .debug_macro   0x0000f3a8       0x7c src/ASF/common/utils/stdio/read.o
 .debug_macro   0x0000f424       0x16 src/ASF/common/utils/stdio/read.o
 .debug_macro   0x0000f43a       0x22 src/ASF/common/utils/stdio/read.o
 .debug_macro   0x0000f45c       0x22 src/ASF/common/utils/stdio/read.o
 .debug_macro   0x0000f47e      0x115 src/ASF/common/utils/stdio/read.o
 .debug_macro   0x0000f593      0x115 src/ASF/common/utils/stdio/read.o
 .debug_macro   0x0000f6a8      0x115 src/ASF/common/utils/stdio/read.o
 .debug_macro   0x0000f7bd      0x115 src/ASF/common/utils/stdio/read.o
 .debug_macro   0x0000f8d2       0x1c src/ASF/common/utils/stdio/read.o
 .debug_macro   0x0000f8ee       0x2e src/ASF/common/utils/stdio/read.o
 .debug_macro   0x0000f91c       0x22 src/ASF/common/utils/stdio/read.o
 .debug_macro   0x0000f93e       0x1c src/ASF/common/utils/stdio/read.o
 .debug_macro   0x0000f95a       0x58 src/ASF/common/utils/stdio/read.o
 .debug_macro   0x0000f9b2       0x10 src/ASF/common/utils/stdio/read.o
 .debug_macro   0x0000f9c2      0x273 src/ASF/common/utils/stdio/read.o
 .debug_macro   0x0000fc35      0xd43 src/ASF/common/utils/stdio/read.o
 .debug_macro   0x00010978      0x131 src/ASF/common/utils/stdio/read.o
 .debug_macro   0x00010aa9       0x52 src/ASF/common/utils/stdio/read.o
 .debug_macro   0x00010afb       0x35 src/ASF/common/utils/stdio/read.o
 .debug_macro   0x00010b30       0x9c src/ASF/common/utils/stdio/read.o
 .debug_macro   0x00010bcc       0x16 src/ASF/common/utils/stdio/read.o
 .debug_macro   0x00010be2       0x35 src/ASF/common/utils/stdio/read.o
 .debug_macro   0x00010c17      0x330 src/ASF/common/utils/stdio/read.o
 .debug_macro   0x00010f47       0x10 src/ASF/common/utils/stdio/read.o
 .debug_macro   0x00010f57       0x52 src/ASF/common/utils/stdio/read.o
 .debug_macro   0x00010fa9       0x16 src/ASF/common/utils/stdio/read.o
 .debug_macro   0x00010fbf       0x43 src/ASF/common/utils/stdio/read.o
 .debug_macro   0x00011002      0x187 src/ASF/common/utils/stdio/read.o
 .debug_macro   0x00011189       0x22 src/ASF/common/utils/stdio/read.o
 .debug_macro   0x000111ab       0x3a src/ASF/common/utils/stdio/read.o
 .debug_macro   0x000111e5       0x10 src/ASF/common/utils/stdio/read.o
 .debug_macro   0x000111f5       0x40 src/ASF/common/utils/stdio/read.o
 .debug_macro   0x00011235       0x6c src/ASF/common/utils/stdio/read.o
 .debug_macro   0x000112a1       0x16 src/ASF/common/utils/stdio/read.o
 .debug_macro   0x000112b7      0x182 src/ASF/common/utils/stdio/read.o
 .debug_macro   0x00011439       0x22 src/ASF/common/utils/stdio/read.o
 .debug_macro   0x0001145b       0x16 src/ASF/common/utils/stdio/read.o
 .debug_macro   0x00011471       0x16 src/ASF/common/utils/stdio/read.o
 .debug_macro   0x00011487       0x29 src/ASF/common/utils/stdio/read.o
 .debug_macro   0x000114b0       0x75 src/ASF/common/utils/stdio/read.o
 .debug_macro   0x00011525       0x45 src/ASF/common/utils/stdio/read.o
 .debug_macro   0x0001156a      0x3ca src/ASF/common/utils/stdio/read.o
 .debug_macro   0x00011934      0x7b7 src/PLATFORM/DRIVER/DD_CAN/DD_CAN.o
 .debug_macro   0x000120eb       0x94 src/PLATFORM/DRIVER/DD_CAN/DD_CAN.o
 .debug_macro   0x0001217f       0x40 src/PLATFORM/DRIVER/DD_CAN/DD_CAN.o
 .debug_macro   0x000121bf      0x2aa src/PLATFORM/DRIVER/DD_CAN/DD_CAN.o
 .debug_macro   0x00012469      0x790 src/PLATFORM/DRIVER/DD_CAN/DD_CAN.o
 .debug_macro   0x00012bf9       0x34 src/PLATFORM/DRIVER/DD_CAN/DD_CAN.o
 .debug_macro   0x00012c2d       0x5e src/PLATFORM/DRIVER/DD_CAN/DD_CAN.o
 .debug_macro   0x00012c8b       0x64 src/PLATFORM/DRIVER/DD_CAN/DD_CAN.o
 .debug_macro   0x00012cef       0x5f src/PLATFORM/DRIVER/DD_CAN/DD_CAN.o
 .debug_macro   0x00012d4e       0x90 src/PLATFORM/DRIVER/DD_CAN/DD_CAN.o
 .debug_macro   0x00012dde       0x6a src/PLATFORM/DRIVER/DD_CAN/DD_CAN.o
 .debug_macro   0x00012e48       0x34 src/PLATFORM/DRIVER/DD_CAN/DD_CAN.o
 .debug_macro   0x00012e7c       0x1c src/PLATFORM/DRIVER/DD_CAN/DD_CAN.o
 .debug_macro   0x00012e98       0x2e src/PLATFORM/DRIVER/DD_CAN/DD_CAN.o
 .debug_macro   0x00012ec6       0xb2 src/PLATFORM/DRIVER/DD_CAN/DD_CAN.o
 .debug_macro   0x00012f78       0x2e src/PLATFORM/DRIVER/DD_CAN/DD_CAN.o
 .debug_macro   0x00012fa6      0x13c src/PLATFORM/DRIVER/DD_CAN/DD_CAN.o
 .debug_macro   0x000130e2       0x34 src/PLATFORM/DRIVER/DD_CAN/DD_CAN.o
 .debug_macro   0x00013116       0x10 src/PLATFORM/DRIVER/DD_CAN/DD_CAN.o
 .debug_macro   0x00013126      0x5ef src/PLATFORM/DRIVER/DD_CAN/DD_CAN.o
 .debug_macro   0x00013715       0x40 src/PLATFORM/DRIVER/DD_CAN/DD_CAN.o
 .debug_macro   0x00013755      0x65a src/PLATFORM/DRIVER/DD_CLOCK/DD_CLOCK.o
 .debug_macro   0x00013daf      0x75f src/PLATFORM/DRIVER/DD_CS1_TS/DD_CS1_TS.o
 .debug_macro   0x0001450e      0x75f src/PLATFORM/DRIVER/DD_CS2_TS/DD_CS2_TS.o
 .debug_macro   0x00014c6d      0x75f src/PLATFORM/DRIVER/DD_CS3_TS/DD_CS3_TS.o
 .debug_macro   0x000153cc      0x659 src/PLATFORM/DRIVER/DD_GPIO/DD_GPIO.o
 .debug_macro   0x00015a25      0x136 src/PLATFORM/DRIVER/DD_GPIO/DD_GPIO.o
 .debug_macro   0x00015b5b      0x75f src/PLATFORM/DRIVER/DD_PS1/DD_PS1.o
 .debug_macro   0x000162ba      0x75f src/PLATFORM/DRIVER/DD_PS2/DD_PS2.o
 .debug_macro   0x00016a19      0x75f src/PLATFORM/DRIVER/DD_PS3/DD_PS3.o
 .debug_macro   0x00017178      0x794 src/PLATFORM/DRIVER/DD_SPI/DD_SPI.o
 .debug_macro   0x0001790c       0xb8 src/PLATFORM/DRIVER/DD_SPI/DD_SPI.o
 .debug_macro   0x000179c4       0x16 src/PLATFORM/DRIVER/DD_SPI/DD_SPI.o
 .debug_macro   0x000179da      0x75a src/PLATFORM/DRIVER/DD_SYS/DD_SYS.o
 .debug_macro   0x00018134      0x75f src/PLATFORM/DRIVER/DD_TS1/DD_TS1.o
 .debug_macro   0x00018893      0x75f src/PLATFORM/DRIVER/DD_TS2/DD_TS2.o
 .debug_macro   0x00018ff2      0x75f src/PLATFORM/DRIVER/DD_TS3/DD_TS3.o
 .debug_macro   0x00019751      0x776 src/PLATFORM/SERVICE/SV_STATUS/SV_STATUS.o
 .debug_macro   0x00019ec7      0x760 src/PLATFORM/SERVICE/SV_SYS/SV_SYS.o
 .debug_macro   0x0001a627      0x525 src/ASF/common/utils/stdio/write.o
 .debug_macro   0x0001ab4c      0x570 src/ASF/sam/drivers/usart/usart.o
 .debug_macro   0x0001b0bc       0x28 src/ASF/sam/drivers/usart/usart.o
 .debug_macro   0x0001b0e4      0x534 src/ASF/sam/drivers/uart/uart.o
 .debug_macro   0x0001b618       0x16 src/ASF/sam/drivers/uart/uart.o
 .debug_macro   0x0001b62e      0x658 src/PLATFORM/DRIVER/DD_CONSOLE/DD_COSOLE.o
 .debug_macro   0x0001bc86       0x10 src/PLATFORM/DRIVER/DD_CONSOLE/DD_COSOLE.o
 .debug_macro   0x0001bc96       0x22 src/PLATFORM/DRIVER/DD_CONSOLE/DD_COSOLE.o
 .debug_macro   0x0001bcb8      0x5a5 src/ASF/common/services/clock/sam3x/sysclk.o
 .debug_macro   0x0001c25d      0x2a4 src/ASF/common/services/clock/sam3x/sysclk.o
 .debug_macro   0x0001c501      0x5e8 src/ASF/sam/boards/arduino_due_x/init.o
 .debug_macro   0x0001cae9       0x16 src/ASF/sam/boards/arduino_due_x/init.o
 .debug_macro   0x0001caff      0x540 src/ASF/sam/drivers/pio/pio.o
 .debug_macro   0x0001d03f       0x8e src/ASF/sam/drivers/pio/pio.o
 .debug_macro   0x0001d0cd      0x544 src/ASF/sam/drivers/pio/pio_handler.o
 .debug_macro   0x0001d611      0x53a src/ASF/sam/drivers/pmc/pmc.o
 .debug_macro   0x0001db4b       0x58 src/ASF/sam/drivers/pmc/pmc.o
 .debug_macro   0x0001dba3      0x539 src/ASF/sam/utils/cmsis/sam3x/source/templates/exceptions.o
 .debug_macro   0x0001e0dc      0x547 src/ASF/sam/utils/cmsis/sam3x/source/templates/gcc/startup_sam3x.o
 .debug_macro   0x0001e623      0x547 src/ASF/sam/utils/cmsis/sam3x/source/templates/system_sam3x.o
 .debug_macro   0x0001eb6a       0x26 src/ASF/sam/utils/cmsis/sam3x/source/templates/system_sam3x.o
 .debug_macro   0x0001eb90      0x19c src/ASF/sam/utils/syscalls/gcc/syscalls.o
 .debug_macro   0x0001ed2c       0x4c src/ASF/sam/utils/syscalls/gcc/syscalls.o
 .debug_macro   0x0001ed78       0x8d src/ASF/sam/utils/syscalls/gcc/syscalls.o
 .debug_macro   0x0001ee05       0x4a src/ASF/sam/utils/syscalls/gcc/syscalls.o
 .debug_macro   0x0001ee4f       0x97 src/ASF/sam/utils/syscalls/gcc/syscalls.o
 .debug_macro   0x0001eee6       0xf6 src/ASF/sam/utils/syscalls/gcc/syscalls.o
 .debug_macro   0x0001efdc       0x52 src/ASF/sam/utils/syscalls/gcc/syscalls.o
 .debug_macro   0x0001f02e       0x16 src/ASF/sam/utils/syscalls/gcc/syscalls.o
 .debug_macro   0x0001f044       0x10 src/ASF/sam/utils/syscalls/gcc/syscalls.o
 .debug_macro   0x0001f054       0x41 src/ASF/sam/utils/syscalls/gcc/syscalls.o
 .debug_macro   0x0001f095      0x122 src/ASF/sam/utils/syscalls/gcc/syscalls.o
 .debug_macro   0x0001f1b7      0x767 src/SENSOR_CPU.o
 .debug_macro   0x0001f91e       0x1c src/SENSOR_CPU.o

.debug_line     0x00000000    0x1f76f
 .debug_line    0x00000000      0xb1f src/ASF/common/utils/stdio/read.o
 .debug_line    0x00000b1f     0x14c8 src/PLATFORM/DRIVER/DD_CAN/DD_CAN.o
 .debug_line    0x00001fe7      0xe9c src/PLATFORM/DRIVER/DD_CLOCK/DD_CLOCK.o
 .debug_line    0x00002e83     0x12f8 src/PLATFORM/DRIVER/DD_CS1_TS/DD_CS1_TS.o
 .debug_line    0x0000417b     0x12f8 src/PLATFORM/DRIVER/DD_CS2_TS/DD_CS2_TS.o
 .debug_line    0x00005473     0x12f8 src/PLATFORM/DRIVER/DD_CS3_TS/DD_CS3_TS.o
 .debug_line    0x0000676b     0x10a0 src/PLATFORM/DRIVER/DD_GPIO/DD_GPIO.o
 .debug_line    0x0000780b     0x1311 src/PLATFORM/DRIVER/DD_PS1/DD_PS1.o
 .debug_line    0x00008b1c     0x1311 src/PLATFORM/DRIVER/DD_PS2/DD_PS2.o
 .debug_line    0x00009e2d     0x1311 src/PLATFORM/DRIVER/DD_PS3/DD_PS3.o
 .debug_line    0x0000b13e     0x1521 src/PLATFORM/DRIVER/DD_SPI/DD_SPI.o
 .debug_line    0x0000c65f     0x17b4 src/PLATFORM/DRIVER/DD_SYS/DD_SYS.o
 .debug_line    0x0000de13     0x12ef src/PLATFORM/DRIVER/DD_TS1/DD_TS1.o
 .debug_line    0x0000f102     0x12ef src/PLATFORM/DRIVER/DD_TS2/DD_TS2.o
 .debug_line    0x000103f1     0x1313 src/PLATFORM/DRIVER/DD_TS3/DD_TS3.o
 .debug_line    0x00011704     0x1414 src/PLATFORM/SERVICE/SV_STATUS/SV_STATUS.o
 .debug_line    0x00012b18     0x130b src/PLATFORM/SERVICE/SV_SYS/SV_SYS.o
 .debug_line    0x00013e23      0xb1c src/ASF/common/utils/stdio/write.o
 .debug_line    0x0001493f     0x125e src/ASF/sam/drivers/usart/usart.o
 .debug_line    0x00015b9d      0xce5 src/ASF/sam/drivers/uart/uart.o